#
# There is insufficient memory for the Java Runtime Environment to continue.
# Native memory allocation (malloc) failed to allocate 2379544 bytes. Error detail: Chunk::new
# Possible reasons:
#   The system is out of physical RAM or swap space
#   This process is running with CompressedOops enabled, and the Java Heap may be blocking the growth of the native heap
# Possible solutions:
#   Reduce memory load on the system
#   Increase physical memory or swap space
#   Check if swap backing store is full
#   Decrease Java heap size (-Xmx/-Xms)
#   Decrease number of Java threads
#   Decrease Java thread stack sizes (-Xss)
#   Set larger code cache with -XX:ReservedCodeCacheSize=
#   JVM is running with Unscaled Compressed Oops mode in which the Java heap is
#     placed in the first 4GB address space. The Java Heap base address is the
#     maximum limit for the native heap growth. Please use -XX:HeapBaseMinAddress
#     to set the Java Heap base and to place the Java Heap above 4GB virtual address.
# This output file may be truncated or incomplete.
#
#  Out of Memory Error (arena.cpp:186), pid=19644, tid=27316
#
# JRE version: OpenJDK Runtime Environment (25.0.2) (build 25.0.2+-15348964-b329.117)
# Java VM: OpenJDK 64-Bit Server VM (25.0.2+-15348964-b329.117, mixed mode, tiered, compressed oops, compressed class ptrs, g1 gc, windows-amd64)
# No core dump will be written. Minidumps are not enabled by default on client versions of Windows
#

---------------  S U M M A R Y ------------

Command Line: --add-opens=java.base/java.lang=ALL-UNNAMED --add-opens=java.base/java.lang.invoke=ALL-UNNAMED --add-opens=java.base/java.util=ALL-UNNAMED --add-opens=java.prefs/java.util.prefs=ALL-UNNAMED --add-exports=jdk.compiler/com.sun.tools.javac.api=ALL-UNNAMED --add-exports=jdk.compiler/com.sun.tools.javac.util=ALL-UNNAMED --add-opens=java.base/java.nio.charset=ALL-UNNAMED --add-opens=java.base/java.net=ALL-UNNAMED --add-opens=java.base/java.util.concurrent=ALL-UNNAMED --add-opens=java.base/java.util.concurrent.atomic=ALL-UNNAMED --add-opens=java.xml/javax.xml.namespace=ALL-UNNAMED --add-opens=java.base/java.time=ALL-UNNAMED --enable-native-access=ALL-UNNAMED -Xmx2048m -Dfile.encoding=UTF-8 -Duser.country=CO -Duser.language=es -Duser.variant -javaagent:C:\Users\pamil\.gradle\wrapper\dists\gradle-9.5.0-bin\bvnork1r7n8i6kp5cnkibsc9q\gradle-9.5.0\lib\agents\gradle-instrumentation-agent-9.5.0.jar org.gradle.launcher.daemon.bootstrap.GradleDaemon 9.5.0

Host: 12th Gen Intel(R) Core(TM) i3-1215U, 8 cores, 7G,  Windows 11 , 64 bit Build 26100 (10.0.26100.9444)
Time: Tue Oct  6 17:12:14 2026 Hora est. Pacífico, Sudamérica elapsed time: 32.764794 seconds (0d 0h 0m 32s)

---------------  T H R E A D  ---------------

Current thread (0x000001439e01d310):  JavaThread "C2 CompilerThread0" daemon [_thread_in_native, id=27316, stack(0x00000022f2000000,0x00000022f2100000) (1024K)]


Current CompileTask:
C2:32765 9206       4       java.util.stream.ReferencePipeline::collect (124 bytes)

Stack: [0x00000022f2000000,0x00000022f2100000]
Native frames: (J=compiled Java code, j=interpreted, Vv=VM code, C=native code)
V  [jvm.dll+0x7bd439]  (no source info available)
V  [jvm.dll+0x78763d]  (no source info available)
V  [jvm.dll+0xa0c885]  (no source info available)
V  [jvm.dll+0xa0ef04]  (no source info available)
V  [jvm.dll+0xa0f603]  (no source info available)
V  [jvm.dll+0x309bf6]  (no source info available)
V  [jvm.dll+0x10ea69]  (no source info available)
V  [jvm.dll+0x10ed92]  (no source info available)
V  [jvm.dll+0x1a9837]  (no source info available)
V  [jvm.dll+0x3bec92]  (no source info available)
V  [jvm.dll+0x7c2cb7]  (no source info available)
V  [jvm.dll+0x2ce046]  (no source info available)
V  [jvm.dll+0x2cd221]  (no source info available)
V  [jvm.dll+0x242ffa]  (no source info available)
V  [jvm.dll+0x2dcc05]  (no source info available)
V  [jvm.dll+0x2dae06]  (no source info available)
V  [jvm.dll+0x49b59e]  (no source info available)
V  [jvm.dll+0x9ab9c8]  (no source info available)
V  [jvm.dll+0x7bb985]  (no source info available)
C  [ucrtbase.dll+0x2cd30]  (no source info available)
C  [KERNEL32.DLL+0x2cd87]  (no source info available)
C  [ntdll.dll+0xacaec]  (no source info available)

Lock stack of current Java thread (top to bottom):


---------------  P R O C E S S  ---------------

Threads class SMR info:
_java_thread_list=0x000001439e522080, length=51, elements={
0x000001438640e230, 0x000001439dfe94a0, 0x000001439dfec400, 0x000001439e00aca0,
0x000001439e00b590, 0x000001439e026ed0, 0x000001439e01a8f0, 0x000001439e01c420,
0x000001439e01d310, 0x000001439e031f10, 0x000001439e4f7fd0, 0x00000143a3e6e040,
0x00000143a5436eb0, 0x00000143a53a0d40, 0x00000143a53699b0, 0x00000143a53ee560,
0x00000143a5431b80, 0x00000143a5346580, 0x00000143a5346d50, 0x00000143a5348c90,
0x00000143a53484c0, 0x00000143a5349c30, 0x00000143a5a99d00, 0x00000143a5a98590,
0x00000143a5a9cbe0, 0x00000143a5a9d3b0, 0x00000143a5a9db80, 0x00000143a5a9b470,
0x00000143a5a9f2f0, 0x000001439e946900, 0x000001439e945960, 0x000001439e946130,
0x000001439e9470d0, 0x000001439e943a20, 0x000001439e9478a0, 0x000001439e9441f0,
0x000001439e9497e0, 0x00000143a6fee6e0, 0x00000143a6fec7a0, 0x00000143a6feb030,
0x00000143a6feb800, 0x000001439e370d70, 0x000001439e375b90, 0x000001439e377ad0,
0x000001439e3753c0, 0x00000143a3f9cf70, 0x00000143a3f9c7a0, 0x00000143a3f9a090,
0x00000143a3f9df10, 0x00000143a3f9f680, 0x00000143a5709070
}

Java Threads: ( => current thread )
  0x000001438640e230 JavaThread "main"                              [_thread_blocked, id=18656, stack(0x00000022f1100000,0x00000022f1200000) (1024K)]
  0x000001439dfe94a0 JavaThread "Common-Cleaner"             daemon [_thread_blocked, id=12596, stack(0x00000022f1900000,0x00000022f1a00000) (1024K)]
  0x000001439dfec400 JavaThread "Reference Handler"          daemon [_thread_blocked, id=17264, stack(0x00000022f1a00000,0x00000022f1b00000) (1024K)]
  0x000001439e00aca0 JavaThread "Finalizer"                  daemon [_thread_blocked, id=14520, stack(0x00000022f1b00000,0x00000022f1c00000) (1024K)]
  0x000001439e00b590 JavaThread "Signal Dispatcher"          daemon [_thread_blocked, id=21700, stack(0x00000022f1c00000,0x00000022f1d00000) (1024K)]
  0x000001439e026ed0 JavaThread "Attach Listener"            daemon [_thread_blocked, id=21468, stack(0x00000022f1d00000,0x00000022f1e00000) (1024K)]
  0x000001439e01a8f0 JavaThread "Service Thread"             daemon [_thread_blocked, id=21176, stack(0x00000022f1e00000,0x00000022f1f00000) (1024K)]
  0x000001439e01c420 JavaThread "Monitor Deflation Thread"   daemon [_thread_blocked, id=11872, stack(0x00000022f1f00000,0x00000022f2000000) (1024K)]
=>0x000001439e01d310 JavaThread "C2 CompilerThread0"         daemon [_thread_in_native, id=27316, stack(0x00000022f2000000,0x00000022f2100000) (1024K)]
  0x000001439e031f10 JavaThread "C1 CompilerThread0"         daemon [_thread_in_native, id=22516, stack(0x00000022f2100000,0x00000022f2200000) (1024K)]
  0x000001439e4f7fd0 JavaThread "Notification Thread"        daemon [_thread_blocked, id=23092, stack(0x00000022f2200000,0x00000022f2300000) (1024K)]
  0x00000143a3e6e040 JavaThread "Daemon health stats"               [_thread_blocked, id=13956, stack(0x00000022f2800000,0x00000022f2900000) (1024K)]
  0x00000143a5436eb0 JavaThread "Incoming local TCP Connector on port 58395"        [_thread_in_native, id=25868, stack(0x00000022f2b00000,0x00000022f2c00000) (1024K)]
  0x00000143a53a0d40 JavaThread "Daemon periodic checks"            [_thread_blocked, id=3144, stack(0x00000022f2c00000,0x00000022f2d00000) (1024K)]
  0x00000143a53699b0 JavaThread "Daemon"                            [_thread_blocked, id=5308, stack(0x00000022f2e00000,0x00000022f2f00000) (1024K)]
  0x00000143a53ee560 JavaThread "Handler for socket connection from /127.0.0.1:58395 to /127.0.0.1:58396"        [_thread_in_native, id=9704, stack(0x00000022f2f00000,0x00000022f3000000) (1024K)]
  0x00000143a5431b80 JavaThread "Cancel handler"                    [_thread_blocked, id=8180, stack(0x00000022f3000000,0x00000022f3100000) (1024K)]
  0x00000143a5346580 JavaThread "Daemon worker"                     [_thread_in_Java, id=5088, stack(0x00000022f3100000,0x00000022f3200000) (1024K)]
  0x00000143a5346d50 JavaThread "Asynchronous log dispatcher for DefaultDaemonConnection: socket connection from /127.0.0.1:58395 to /127.0.0.1:58396"        [_thread_blocked, id=11212, stack(0x00000022f3200000,0x00000022f3300000) (1024K)]
  0x00000143a5348c90 JavaThread "Stdin handler"                     [_thread_blocked, id=17008, stack(0x00000022f3300000,0x00000022f3400000) (1024K)]
  0x00000143a53484c0 JavaThread "Daemon client event forwarder"        [_thread_blocked, id=13348, stack(0x00000022f3400000,0x00000022f3500000) (1024K)]
  0x00000143a5349c30 JavaThread "Cache worker for journal cache (C:\Users\pamil\.gradle\caches\journal-1)"        [_thread_blocked, id=25120, stack(0x00000022f3500000,0x00000022f3600000) (1024K)]
  0x00000143a5a99d00 JavaThread "File lock request listener"        [_thread_in_native, id=1964, stack(0x00000022f3600000,0x00000022f3700000) (1024K)]
  0x00000143a5a98590 JavaThread "Cache worker for file hash cache (C:\Users\pamil\.gradle\caches\9.5.0\fileHashes)"        [_thread_blocked, id=19484, stack(0x00000022f3700000,0x00000022f3800000) (1024K)]
  0x00000143a5a9cbe0 JavaThread "File lock release action executor"        [_thread_blocked, id=26372, stack(0x00000022f3800000,0x00000022f3900000) (1024K)]
  0x00000143a5a9d3b0 JavaThread "Cache worker for file hash cache (C:\AndroidProjects\Taller4\.gradle\9.5.0\fileHashes)"        [_thread_blocked, id=24036, stack(0x00000022f3900000,0x00000022f3a00000) (1024K)]
  0x00000143a5a9db80 JavaThread "Cache worker for Build Output Cleanup Cache (C:\AndroidProjects\Taller4\.gradle\buildOutputCleanup)"        [_thread_blocked, id=15780, stack(0x00000022f3a00000,0x00000022f3b00000) (1024K)]
  0x00000143a5a9b470 JavaThread "File watcher server"        daemon [_thread_in_native, id=10368, stack(0x00000022f3b00000,0x00000022f3c00000) (1024K)]
  0x00000143a5a9f2f0 JavaThread "File watcher consumer"      daemon [_thread_blocked, id=17780, stack(0x00000022f3c00000,0x00000022f3d00000) (1024K)]
  0x000001439e946900 JavaThread "jar transforms"                    [_thread_blocked, id=27012, stack(0x00000022f3d00000,0x00000022f3e00000) (1024K)]
  0x000001439e945960 JavaThread "jar transforms Thread 2"           [_thread_blocked, id=19008, stack(0x00000022f3e00000,0x00000022f3f00000) (1024K)]
  0x000001439e946130 JavaThread "jar transforms Thread 3"           [_thread_blocked, id=11988, stack(0x00000022f3f00000,0x00000022f4000000) (1024K)]
  0x000001439e9470d0 JavaThread "jar transforms Thread 4"           [_thread_blocked, id=17852, stack(0x00000022f4000000,0x00000022f4100000) (1024K)]
  0x000001439e943a20 JavaThread "jar transforms Thread 5"           [_thread_blocked, id=11816, stack(0x00000022f4100000,0x00000022f4200000) (1024K)]
  0x000001439e9478a0 JavaThread "jar transforms Thread 6"           [_thread_blocked, id=27320, stack(0x00000022f4200000,0x00000022f4300000) (1024K)]
  0x000001439e9441f0 JavaThread "jar transforms Thread 7"           [_thread_blocked, id=6120, stack(0x00000022f4300000,0x00000022f4400000) (1024K)]
  0x000001439e9497e0 JavaThread "jar transforms Thread 8"           [_thread_blocked, id=25576, stack(0x00000022f4400000,0x00000022f4500000) (1024K)]
  0x00000143a6fee6e0 JavaThread "Cache worker for file content cache (C:\Users\pamil\.gradle\caches\9.5.0\fileContent)"        [_thread_blocked, id=11776, stack(0x00000022f4500000,0x00000022f4600000) (1024K)]
  0x00000143a6fec7a0 JavaThread "Cache worker for checksums cache (C:\AndroidProjects\Taller4\.gradle\9.5.0\checksums)"        [_thread_blocked, id=10444, stack(0x00000022f4600000,0x00000022f4700000) (1024K)]
  0x00000143a6feb030 JavaThread "Cache worker for cache directory md-supplier (C:\Users\pamil\.gradle\caches\9.5.0\md-supplier)"        [_thread_blocked, id=13772, stack(0x00000022f4700000,0x00000022f4800000) (1024K)]
  0x00000143a6feb800 JavaThread "Cache worker for cache directory md-rule (C:\Users\pamil\.gradle\caches\9.5.0\md-rule)"        [_thread_blocked, id=22504, stack(0x00000022f4800000,0x00000022f4900000) (1024K)]
  0x000001439e370d70 JavaThread "Build operations"                  [_thread_blocked, id=3152, stack(0x00000022f4900000,0x00000022f4a00000) (1024K)]
  0x000001439e375b90 JavaThread "Build operations Thread 2"         [_thread_blocked, id=2056, stack(0x00000022f4a00000,0x00000022f4b00000) (1024K)]
  0x000001439e377ad0 JavaThread "Build operations Thread 3"         [_thread_blocked, id=14432, stack(0x00000022f4b00000,0x00000022f4c00000) (1024K)]
  0x000001439e3753c0 JavaThread "Build operations Thread 4"         [_thread_blocked, id=3480, stack(0x00000022f4c00000,0x00000022f4d00000) (1024K)]
  0x00000143a3f9cf70 JavaThread "Build operations Thread 5"         [_thread_blocked, id=21708, stack(0x00000022f4d00000,0x00000022f4e00000) (1024K)]
  0x00000143a3f9c7a0 JavaThread "Build operations Thread 6"         [_thread_blocked, id=1080, stack(0x00000022f4e00000,0x00000022f4f00000) (1024K)]
  0x00000143a3f9a090 JavaThread "Build operations Thread 7"         [_thread_blocked, id=1716, stack(0x00000022f4f00000,0x00000022f5000000) (1024K)]
  0x00000143a3f9df10 JavaThread "Build operations Thread 8"         [_thread_blocked, id=24588, stack(0x00000022f5000000,0x00000022f5100000) (1024K)]
  0x00000143a3f9f680 JavaThread "Daemon Thread 2"                   [_thread_blocked, id=23100, stack(0x00000022f5100000,0x00000022f5200000) (1024K)]
  0x00000143a5709070 JavaThread "C2 CompilerThread1"         daemon [_thread_in_native, id=2856, stack(0x00000022f0f00000,0x00000022f1000000) (1024K)]
Total: 51

Other Threads:
  0x000001439dfa3930 VMThread "VM Thread"                           [id=23792, stack(0x00000022f1800000,0x00000022f1900000) (1024K)]
  0x000001439df83790 WatcherThread "VM Periodic Task Thread"        [id=19584, stack(0x00000022f1700000,0x00000022f1800000) (1024K)]
  0x0000014386469250 WorkerThread "GC Thread#0"                     [id=12632, stack(0x00000022f1200000,0x00000022f1300000) (1024K)]
  0x00000143a3884990 WorkerThread "GC Thread#1"                     [id=12368, stack(0x00000022f2300000,0x00000022f2400000) (1024K)]
  0x00000143a3883530 WorkerThread "GC Thread#2"                     [id=13468, stack(0x00000022f2400000,0x00000022f2500000) (1024K)]
  0x00000143a377b620 WorkerThread "GC Thread#3"                     [id=6376, stack(0x00000022f2500000,0x00000022f2600000) (1024K)]
  0x00000143a377ba50 WorkerThread "GC Thread#4"                     [id=3740, stack(0x00000022f2600000,0x00000022f2700000) (1024K)]
  0x00000143a377de90 WorkerThread "GC Thread#5"                     [id=24896, stack(0x00000022f2700000,0x00000022f2800000) (1024K)]
  0x00000143a3b5ab10 WorkerThread "GC Thread#6"                     [id=11116, stack(0x00000022f2900000,0x00000022f2a00000) (1024K)]
  0x00000143a3b5c0a0 WorkerThread "GC Thread#7"                     [id=5432, stack(0x00000022f2a00000,0x00000022f2b00000) (1024K)]
  0x0000014386482320 ConcurrentGCThread "G1 Main Marker"            [id=1096, stack(0x00000022f1300000,0x00000022f1400000) (1024K)]
  0x0000014386483da0 WorkerThread "G1 Conc#0"                       [id=23852, stack(0x00000022f1400000,0x00000022f1500000) (1024K)]
  0x00000143a3b5b800 WorkerThread "G1 Conc#1"                       [id=21704, stack(0x00000022f2d00000,0x00000022f2e00000) (1024K)]
  0x00000143864ce210 ConcurrentGCThread "G1 Refine#0"               [id=4780, stack(0x00000022f1500000,0x00000022f1600000) (1024K)]
  0x000001439de550b0 ConcurrentGCThread "G1 Service"                [id=13148, stack(0x00000022f1600000,0x00000022f1700000) (1024K)]
Total: 15

Threads with active compile tasks:
C2 CompilerThread0  32968 9206       4       java.util.stream.ReferencePipeline::collect (124 bytes)
C2 CompilerThread1  32968 9207       4       org.gradle.internal.file.FileHierarchySet$Node::contains (101 bytes)
Total: 2

VM state: not at safepoint (normal execution)

VM Mutex/Monitor currently owned by a thread: None

Heap address: 0x0000000080000000, size: 2048 MB, Compressed Oops mode: 32-bit

CDS archive(s) not mapped
Compressed class space mapped at: 0x000000001a000000-0x000000005a000000, reserved size: 1073741824
UseCompressedClassPointers 1, UseCompactObjectHeaders 0
Narrow klass pointer bits 32, Max shift 3
Narrow klass base: 0x0000000000000000, Narrow klass shift: 0
Encoding Range: [0x0000000000000000 - 0x0000000100000000), (4294967296 bytes)
Klass Range:    [0x000000001a000000 - 0x000000005a000000), (1073741824 bytes)
Klass ID Range:  [436207616 - 1509949433) (1073741817)
No protection zone.

GC Precious Log:
 CardTable entry size: 512
 Card Set container configuration: InlinePtr #cards 5 size 8 Array Of Cards #cards 10 size 36 Howl #buckets 4 coarsen threshold 1843 Howl Bitmap #cards 512 size 80 coarsen threshold 460 Card regions per heap region 1 cards per card region 2048
 CPUs: 8 total, 8 available
 Memory: 7903M
 Large Page Support: Disabled
 NUMA Support: Disabled
 Compressed Oops: Enabled (32-bit)
 Heap Region Size: 1M
 Heap Min Capacity: 8M
 Heap Initial Capacity: 124M
 Heap Max Capacity: 2G
 Pre-touch: Disabled
 Parallel Workers: 8
 Concurrent Workers: 2
 Concurrent Refinement Workers: 8
 Periodic GC: Disabled

Heap:
 garbage-first heap   total reserved 2097152K, committed 133120K, used 88588K [0x0000000080000000, 0x0000000100000000)
  region size 1024K, 13 young (13312K), 4 survivors (4096K)

Heap Regions: E=young(eden), S=young(survivor), O=old, HS=humongous(starts), HC=humongous(continues), CS=collection set, F=free, TAMS=top-at-mark-start, PB=parsable bottom
|   0|0x0000000080000000, 0x0000000080100000, 0x0000000080100000|100%|HS|  |TAMS 0x0000000080000000| PB 0x0000000080000000| Complete |  0
|   1|0x0000000080100000, 0x0000000080200000, 0x0000000080200000|100%|HC|  |TAMS 0x0000000080100000| PB 0x0000000080100000| Complete |  0
|   2|0x0000000080200000, 0x0000000080300000, 0x0000000080300000|100%|HC|  |TAMS 0x0000000080200000| PB 0x0000000080200000| Complete |  0
|   3|0x0000000080300000, 0x0000000080400000, 0x0000000080400000|100%|HC|  |TAMS 0x0000000080300000| PB 0x0000000080300000| Complete |  0
|   4|0x0000000080400000, 0x0000000080500000, 0x0000000080500000|100%| O|  |TAMS 0x0000000080400000| PB 0x0000000080400000| Untracked |  0
|   5|0x0000000080500000, 0x0000000080600000, 0x0000000080600000|100%| O|  |TAMS 0x0000000080500000| PB 0x0000000080500000| Untracked |  0
|   6|0x0000000080600000, 0x0000000080700000, 0x0000000080700000|100%| O|  |TAMS 0x0000000080600000| PB 0x0000000080600000| Untracked |  0
|   7|0x0000000080700000, 0x0000000080800000, 0x0000000080800000|100%|HS|  |TAMS 0x0000000080700000| PB 0x0000000080700000| Complete |  0
|   8|0x0000000080800000, 0x0000000080900000, 0x0000000080900000|100%| O|  |TAMS 0x0000000080800000| PB 0x0000000080800000| Untracked |  0
|   9|0x0000000080900000, 0x0000000080a00000, 0x0000000080a00000|100%| O|  |TAMS 0x0000000080900000| PB 0x0000000080900000| Untracked |  0
|  10|0x0000000080a00000, 0x0000000080b00000, 0x0000000080b00000|100%| O|  |TAMS 0x0000000080a00000| PB 0x0000000080a00000| Untracked |  0
|  11|0x0000000080b00000, 0x0000000080c00000, 0x0000000080c00000|100%| O|  |TAMS 0x0000000080b00000| PB 0x0000000080b00000| Untracked |  0
|  12|0x0000000080c00000, 0x0000000080d00000, 0x0000000080d00000|100%| O|  |TAMS 0x0000000080c00000| PB 0x0000000080c00000| Untracked |  0
|  13|0x0000000080d00000, 0x0000000080e00000, 0x0000000080e00000|100%| O|  |TAMS 0x0000000080d00000| PB 0x0000000080d00000| Untracked |  0
|  14|0x0000000080e00000, 0x0000000080f00000, 0x0000000080f00000|100%| O|  |TAMS 0x0000000080e00000| PB 0x0000000080e00000| Untracked |  0
|  15|0x0000000080f00000, 0x0000000081000000, 0x0000000081000000|100%| O|  |TAMS 0x0000000080f00000| PB 0x0000000080f00000| Untracked |  0
|  16|0x0000000081000000, 0x0000000081100000, 0x0000000081100000|100%| O|  |TAMS 0x0000000081000000| PB 0x0000000081000000| Untracked |  0
|  17|0x0000000081100000, 0x0000000081200000, 0x0000000081200000|100%| O|  |TAMS 0x0000000081100000| PB 0x0000000081100000| Untracked |  0
|  18|0x0000000081200000, 0x0000000081300000, 0x0000000081300000|100%| O|  |TAMS 0x0000000081200000| PB 0x0000000081200000| Untracked |  0
|  19|0x0000000081300000, 0x0000000081400000, 0x0000000081400000|100%| O|  |TAMS 0x0000000081300000| PB 0x0000000081300000| Untracked |  0
|  20|0x0000000081400000, 0x0000000081500000, 0x0000000081500000|100%| O|  |TAMS 0x0000000081400000| PB 0x0000000081400000| Untracked |  0
|  21|0x0000000081500000, 0x0000000081600000, 0x0000000081600000|100%| O|  |TAMS 0x0000000081500000| PB 0x0000000081500000| Untracked |  0
|  22|0x0000000081600000, 0x0000000081700000, 0x0000000081700000|100%| O|  |TAMS 0x0000000081600000| PB 0x0000000081600000| Untracked |  0
|  23|0x0000000081700000, 0x0000000081800000, 0x0000000081800000|100%| O|  |TAMS 0x0000000081700000| PB 0x0000000081700000| Untracked |  0
|  24|0x0000000081800000, 0x0000000081900000, 0x0000000081900000|100%|HS|  |TAMS 0x0000000081800000| PB 0x0000000081800000| Complete |  0
|  25|0x0000000081900000, 0x0000000081a00000, 0x0000000081a00000|100%|HC|  |TAMS 0x0000000081900000| PB 0x0000000081900000| Complete |  0
|  26|0x0000000081a00000, 0x0000000081b00000, 0x0000000081b00000|100%|HC|  |TAMS 0x0000000081a00000| PB 0x0000000081a00000| Complete |  0
|  27|0x0000000081b00000, 0x0000000081c00000, 0x0000000081c00000|100%|HC|  |TAMS 0x0000000081b00000| PB 0x0000000081b00000| Complete |  0
|  28|0x0000000081c00000, 0x0000000081d00000, 0x0000000081d00000|100%|HC|  |TAMS 0x0000000081c00000| PB 0x0000000081c00000| Complete |  0
|  29|0x0000000081d00000, 0x0000000081e00000, 0x0000000081e00000|100%|HC|  |TAMS 0x0000000081d00000| PB 0x0000000081d00000| Complete |  0
|  30|0x0000000081e00000, 0x0000000081f00000, 0x0000000081f00000|100%|HS|  |TAMS 0x0000000081e00000| PB 0x0000000081e00000| Complete |  0
|  31|0x0000000081f00000, 0x0000000082000000, 0x0000000082000000|100%|HS|  |TAMS 0x0000000081f00000| PB 0x0000000081f00000| Complete |  0
|  32|0x0000000082000000, 0x0000000082100000, 0x0000000082100000|100%| O|  |TAMS 0x0000000082000000| PB 0x0000000082000000| Untracked |  0
|  33|0x0000000082100000, 0x0000000082200000, 0x0000000082200000|100%| O|  |TAMS 0x0000000082100000| PB 0x0000000082100000| Untracked |  0
|  34|0x0000000082200000, 0x0000000082300000, 0x0000000082300000|100%| O|Cm|TAMS 0x0000000082200000| PB 0x0000000082200000| Complete |  0
|  35|0x0000000082300000, 0x0000000082400000, 0x0000000082400000|100%| O|  |TAMS 0x0000000082300000| PB 0x0000000082300000| Untracked |  0
|  36|0x0000000082400000, 0x0000000082500000, 0x0000000082500000|100%| O|  |TAMS 0x0000000082400000| PB 0x0000000082400000| Untracked |  0
|  37|0x0000000082500000, 0x0000000082600000, 0x0000000082600000|100%| O|  |TAMS 0x0000000082500000| PB 0x0000000082500000| Untracked |  0
|  38|0x0000000082600000, 0x0000000082700000, 0x0000000082700000|100%|HS|  |TAMS 0x0000000082600000| PB 0x0000000082600000| Complete |  0
|  39|0x0000000082700000, 0x0000000082800000, 0x0000000082800000|100%|HC|  |TAMS 0x0000000082700000| PB 0x0000000082700000| Complete |  0
|  40|0x0000000082800000, 0x0000000082900000, 0x0000000082900000|100%|HC|  |TAMS 0x0000000082800000| PB 0x0000000082800000| Complete |  0
|  41|0x0000000082900000, 0x0000000082a00000, 0x0000000082a00000|100%|HC|  |TAMS 0x0000000082900000| PB 0x0000000082900000| Complete |  0
|  42|0x0000000082a00000, 0x0000000082b00000, 0x0000000082b00000|100%|HC|  |TAMS 0x0000000082a00000| PB 0x0000000082a00000| Complete |  0
|  43|0x0000000082b00000, 0x0000000082c00000, 0x0000000082c00000|100%|HC|  |TAMS 0x0000000082b00000| PB 0x0000000082b00000| Complete |  0
|  44|0x0000000082c00000, 0x0000000082d00000, 0x0000000082d00000|100%|HS|  |TAMS 0x0000000082c00000| PB 0x0000000082c00000| Complete |  0
|  45|0x0000000082d00000, 0x0000000082e00000, 0x0000000082e00000|100%|HS|  |TAMS 0x0000000082d00000| PB 0x0000000082d00000| Complete |  0
|  46|0x0000000082e00000, 0x0000000082f00000, 0x0000000082f00000|100%| O|  |TAMS 0x0000000082e00000| PB 0x0000000082e00000| Untracked |  0
|  47|0x0000000082f00000, 0x0000000083000000, 0x0000000083000000|100%| O|  |TAMS 0x0000000082f00000| PB 0x0000000082f00000| Untracked |  0
|  48|0x0000000083000000, 0x0000000083100000, 0x0000000083100000|100%| O|  |TAMS 0x0000000083000000| PB 0x0000000083000000| Untracked |  0
|  49|0x0000000083100000, 0x0000000083200000, 0x0000000083200000|100%| O|  |TAMS 0x0000000083100000| PB 0x0000000083100000| Untracked |  0
|  50|0x0000000083200000, 0x0000000083300000, 0x0000000083300000|100%| O|  |TAMS 0x0000000083200000| PB 0x0000000083200000| Untracked |  0
|  51|0x0000000083300000, 0x0000000083400000, 0x0000000083400000|100%| O|  |TAMS 0x0000000083300000| PB 0x0000000083300000| Untracked |  0
|  52|0x0000000083400000, 0x0000000083500000, 0x0000000083500000|100%| O|  |TAMS 0x0000000083400000| PB 0x0000000083400000| Untracked |  0
|  53|0x0000000083500000, 0x0000000083600000, 0x0000000083600000|100%| O|  |TAMS 0x0000000083500000| PB 0x0000000083500000| Untracked |  0
|  54|0x0000000083600000, 0x0000000083700000, 0x0000000083700000|100%| O|  |TAMS 0x0000000083600000| PB 0x0000000083600000| Untracked |  0
|  55|0x0000000083700000, 0x0000000083800000, 0x0000000083800000|100%| O|  |TAMS 0x0000000083700000| PB 0x0000000083700000| Untracked |  0
|  56|0x0000000083800000, 0x0000000083900000, 0x0000000083900000|100%| O|Cm|TAMS 0x0000000083800000| PB 0x0000000083800000| Complete |  0
|  57|0x0000000083900000, 0x0000000083a00000, 0x0000000083a00000|100%| O|  |TAMS 0x0000000083900000| PB 0x0000000083900000| Untracked |  0
|  58|0x0000000083a00000, 0x0000000083b00000, 0x0000000083b00000|100%| O|  |TAMS 0x0000000083a00000| PB 0x0000000083a00000| Untracked |  0
|  59|0x0000000083b00000, 0x0000000083c00000, 0x0000000083c00000|100%| O|  |TAMS 0x0000000083b00000| PB 0x0000000083b00000| Untracked |  0
|  60|0x0000000083c00000, 0x0000000083d00000, 0x0000000083d00000|100%| O|  |TAMS 0x0000000083c00000| PB 0x0000000083c00000| Untracked |  0
|  61|0x0000000083d00000, 0x0000000083e00000, 0x0000000083e00000|100%| O|  |TAMS 0x0000000083d00000| PB 0x0000000083d00000| Untracked |  0
|  62|0x0000000083e00000, 0x0000000083f00000, 0x0000000083f00000|100%| O|  |TAMS 0x0000000083e00000| PB 0x0000000083e00000| Untracked |  0
|  63|0x0000000083f00000, 0x0000000084000000, 0x0000000084000000|100%| O|  |TAMS 0x0000000083f00000| PB 0x0000000083f00000| Untracked |  0
|  64|0x0000000084000000, 0x0000000084100000, 0x0000000084100000|100%| O|  |TAMS 0x0000000084000000| PB 0x0000000084000000| Untracked |  0
|  65|0x0000000084100000, 0x0000000084100000, 0x0000000084200000|  0%| F|  |TAMS 0x0000000084100000| PB 0x0000000084100000| Untracked |  0
|  66|0x0000000084200000, 0x0000000084200000, 0x0000000084300000|  0%| F|  |TAMS 0x0000000084200000| PB 0x0000000084200000| Untracked |  0
|  67|0x0000000084300000, 0x0000000084300000, 0x0000000084400000|  0%| F|  |TAMS 0x0000000084300000| PB 0x0000000084300000| Untracked |  0
|  68|0x0000000084400000, 0x0000000084400000, 0x0000000084500000|  0%| F|  |TAMS 0x0000000084400000| PB 0x0000000084400000| Untracked |  0
|  69|0x0000000084500000, 0x0000000084500000, 0x0000000084600000|  0%| F|  |TAMS 0x0000000084500000| PB 0x0000000084500000| Untracked |  0
|  70|0x0000000084600000, 0x0000000084600000, 0x0000000084700000|  0%| F|  |TAMS 0x0000000084600000| PB 0x0000000084600000| Untracked |  0
|  71|0x0000000084700000, 0x0000000084800000, 0x0000000084800000|100%| O|  |TAMS 0x0000000084700000| PB 0x0000000084700000| Untracked |  0
|  72|0x0000000084800000, 0x0000000084900000, 0x0000000084900000|100%| O|  |TAMS 0x0000000084800000| PB 0x0000000084800000| Untracked |  0
|  73|0x0000000084900000, 0x00000000849be548, 0x0000000084a00000| 74%| O|  |TAMS 0x0000000084900000| PB 0x0000000084900000| Untracked |  0
|  74|0x0000000084a00000, 0x0000000084a00000, 0x0000000084b00000|  0%| F|  |TAMS 0x0000000084a00000| PB 0x0000000084a00000| Untracked |  0
|  75|0x0000000084b00000, 0x0000000084b00000, 0x0000000084c00000|  0%| F|  |TAMS 0x0000000084b00000| PB 0x0000000084b00000| Untracked |  0
|  76|0x0000000084c00000, 0x0000000084c00000, 0x0000000084d00000|  0%| F|  |TAMS 0x0000000084c00000| PB 0x0000000084c00000| Untracked |  0
|  77|0x0000000084d00000, 0x0000000084d00000, 0x0000000084e00000|  0%| F|  |TAMS 0x0000000084d00000| PB 0x0000000084d00000| Untracked |  0
|  78|0x0000000084e00000, 0x0000000084e00000, 0x0000000084f00000|  0%| F|  |TAMS 0x0000000084e00000| PB 0x0000000084e00000| Untracked |  0
|  79|0x0000000084f00000, 0x0000000084f00000, 0x0000000085000000|  0%| F|  |TAMS 0x0000000084f00000| PB 0x0000000084f00000| Untracked |  0
|  80|0x0000000085000000, 0x0000000085000000, 0x0000000085100000|  0%| F|  |TAMS 0x0000000085000000| PB 0x0000000085000000| Untracked |  0
|  81|0x0000000085100000, 0x0000000085100000, 0x0000000085200000|  0%| F|  |TAMS 0x0000000085100000| PB 0x0000000085100000| Untracked |  0
|  82|0x0000000085200000, 0x0000000085200000, 0x0000000085300000|  0%| F|  |TAMS 0x0000000085200000| PB 0x0000000085200000| Untracked |  0
|  83|0x0000000085300000, 0x0000000085300000, 0x0000000085400000|  0%| F|  |TAMS 0x0000000085300000| PB 0x0000000085300000| Untracked |  0
|  84|0x0000000085400000, 0x0000000085400000, 0x0000000085500000|  0%| F|  |TAMS 0x0000000085400000| PB 0x0000000085400000| Untracked |  0
|  85|0x0000000085500000, 0x0000000085500000, 0x0000000085600000|  0%| F|  |TAMS 0x0000000085500000| PB 0x0000000085500000| Untracked |  0
|  86|0x0000000085600000, 0x0000000085600000, 0x0000000085700000|  0%| F|  |TAMS 0x0000000085600000| PB 0x0000000085600000| Untracked |  0
|  87|0x0000000085700000, 0x00000000857c4e50, 0x0000000085800000| 76%| S|CS|TAMS 0x0000000085700000| PB 0x0000000085700000| Complete |  0
|  88|0x0000000085800000, 0x0000000085900000, 0x0000000085900000|100%| S|CS|TAMS 0x0000000085800000| PB 0x0000000085800000| Complete |  0
|  89|0x0000000085900000, 0x0000000085a00000, 0x0000000085a00000|100%| S|CS|TAMS 0x0000000085900000| PB 0x0000000085900000| Complete |  0
|  90|0x0000000085a00000, 0x0000000085b00000, 0x0000000085b00000|100%| S|CS|TAMS 0x0000000085a00000| PB 0x0000000085a00000| Complete |  0
|  91|0x0000000085b00000, 0x0000000085b00000, 0x0000000085c00000|  0%| F|  |TAMS 0x0000000085b00000| PB 0x0000000085b00000| Untracked |  0
|  92|0x0000000085c00000, 0x0000000085c00000, 0x0000000085d00000|  0%| F|  |TAMS 0x0000000085c00000| PB 0x0000000085c00000| Untracked |  0
|  93|0x0000000085d00000, 0x0000000085d00000, 0x0000000085e00000|  0%| F|  |TAMS 0x0000000085d00000| PB 0x0000000085d00000| Untracked |  0
|  94|0x0000000085e00000, 0x0000000085e00000, 0x0000000085f00000|  0%| F|  |TAMS 0x0000000085e00000| PB 0x0000000085e00000| Untracked |  0
|  95|0x0000000085f00000, 0x0000000085f00000, 0x0000000086000000|  0%| F|  |TAMS 0x0000000085f00000| PB 0x0000000085f00000| Untracked |  0
|  96|0x0000000086000000, 0x0000000086000000, 0x0000000086100000|  0%| F|  |TAMS 0x0000000086000000| PB 0x0000000086000000| Untracked |  0
|  97|0x0000000086100000, 0x0000000086100000, 0x0000000086200000|  0%| F|  |TAMS 0x0000000086100000| PB 0x0000000086100000| Untracked |  0
|  98|0x0000000086200000, 0x0000000086200000, 0x0000000086300000|  0%| F|  |TAMS 0x0000000086200000| PB 0x0000000086200000| Untracked |  0
|  99|0x0000000086300000, 0x0000000086300000, 0x0000000086400000|  0%| F|  |TAMS 0x0000000086300000| PB 0x0000000086300000| Untracked |  0
| 100|0x0000000086400000, 0x0000000086400000, 0x0000000086500000|  0%| F|  |TAMS 0x0000000086400000| PB 0x0000000086400000| Untracked |  0
| 101|0x0000000086500000, 0x0000000086500000, 0x0000000086600000|  0%| F|  |TAMS 0x0000000086500000| PB 0x0000000086500000| Untracked |  0
| 102|0x0000000086600000, 0x0000000086600000, 0x0000000086700000|  0%| F|  |TAMS 0x0000000086600000| PB 0x0000000086600000| Untracked |  0
| 103|0x0000000086700000, 0x0000000086700000, 0x0000000086800000|  0%| F|  |TAMS 0x0000000086700000| PB 0x0000000086700000| Untracked |  0
| 104|0x0000000086800000, 0x0000000086800000, 0x0000000086900000|  0%| F|  |TAMS 0x0000000086800000| PB 0x0000000086800000| Untracked |  0
| 105|0x0000000086900000, 0x0000000086900000, 0x0000000086a00000|  0%| F|  |TAMS 0x0000000086900000| PB 0x0000000086900000| Untracked |  0
| 106|0x0000000086a00000, 0x0000000086a00000, 0x0000000086b00000|  0%| F|  |TAMS 0x0000000086a00000| PB 0x0000000086a00000| Untracked |  0
| 107|0x0000000086b00000, 0x0000000086b00000, 0x0000000086c00000|  0%| F|  |TAMS 0x0000000086b00000| PB 0x0000000086b00000| Untracked |  0
| 108|0x0000000086c00000, 0x0000000086c00000, 0x0000000086d00000|  0%| F|  |TAMS 0x0000000086c00000| PB 0x0000000086c00000| Untracked |  0
| 109|0x0000000086d00000, 0x0000000086d00000, 0x0000000086e00000|  0%| F|  |TAMS 0x0000000086d00000| PB 0x0000000086d00000| Untracked |  0
| 110|0x0000000086e00000, 0x0000000086e00000, 0x0000000086f00000|  0%| F|  |TAMS 0x0000000086e00000| PB 0x0000000086e00000| Untracked |  0
| 111|0x0000000086f00000, 0x0000000086f00000, 0x0000000087000000|  0%| F|  |TAMS 0x0000000086f00000| PB 0x0000000086f00000| Untracked |  0
| 112|0x0000000087000000, 0x0000000087000000, 0x0000000087100000|  0%| F|  |TAMS 0x0000000087000000| PB 0x0000000087000000| Untracked |  0
| 113|0x0000000087100000, 0x0000000087138878, 0x0000000087200000| 22%| E|  |TAMS 0x0000000087100000| PB 0x0000000087100000| Complete |  0
| 114|0x0000000087200000, 0x0000000087300000, 0x0000000087300000|100%| E|CS|TAMS 0x0000000087200000| PB 0x0000000087200000| Complete |  0
| 115|0x0000000087300000, 0x0000000087400000, 0x0000000087400000|100%| E|CS|TAMS 0x0000000087300000| PB 0x0000000087300000| Complete |  0
| 116|0x0000000087400000, 0x0000000087500000, 0x0000000087500000|100%| E|CS|TAMS 0x0000000087400000| PB 0x0000000087400000| Complete |  0
| 117|0x0000000087500000, 0x0000000087600000, 0x0000000087600000|100%| E|CS|TAMS 0x0000000087500000| PB 0x0000000087500000| Complete |  0
| 123|0x0000000087b00000, 0x0000000087c00000, 0x0000000087c00000|100%| E|CS|TAMS 0x0000000087b00000| PB 0x0000000087b00000| Complete |  0
|2037|0x00000000ff500000, 0x00000000ff600000, 0x00000000ff600000|100%| O|  |TAMS 0x00000000ff500000| PB 0x00000000ff500000| Untracked |  0
|2038|0x00000000ff600000, 0x00000000ff700000, 0x00000000ff700000|100%| E|CS|TAMS 0x00000000ff600000| PB 0x00000000ff600000| Complete |  0
|2039|0x00000000ff700000, 0x00000000ff800000, 0x00000000ff800000|100%| O|  |TAMS 0x00000000ff700000| PB 0x00000000ff700000| Untracked |  0
|2040|0x00000000ff800000, 0x00000000ff900000, 0x00000000ff900000|100%| O|  |TAMS 0x00000000ff800000| PB 0x00000000ff800000| Untracked |  0
|2041|0x00000000ff900000, 0x00000000ffa00000, 0x00000000ffa00000|100%| O|  |TAMS 0x00000000ff900000| PB 0x00000000ff900000| Untracked |  0
|2042|0x00000000ffa00000, 0x00000000ffb00000, 0x00000000ffb00000|100%| O|  |TAMS 0x00000000ffa00000| PB 0x00000000ffa00000| Untracked |  0
|2043|0x00000000ffb00000, 0x00000000ffc00000, 0x00000000ffc00000|100%| O|  |TAMS 0x00000000ffb00000| PB 0x00000000ffb00000| Untracked |  0
|2044|0x00000000ffc00000, 0x00000000ffd00000, 0x00000000ffd00000|100%| E|CS|TAMS 0x00000000ffc00000| PB 0x00000000ffc00000| Complete |  0
|2045|0x00000000ffd00000, 0x00000000ffe00000, 0x00000000ffe00000|100%| E|CS|TAMS 0x00000000ffd00000| PB 0x00000000ffd00000| Complete |  0
|2046|0x00000000ffe00000, 0x00000000fff00000, 0x00000000fff00000|100%| O|  |TAMS 0x00000000ffe00000| PB 0x00000000ffe00000| Untracked |  0
|2047|0x00000000fff00000, 0x0000000100000000, 0x0000000100000000|100%| E|CS|TAMS 0x00000000fff00000| PB 0x00000000fff00000| Complete |  0

Card table byte_map: [0x0000014399140000,0x0000014399540000] _byte_map_base: 0x0000014398d40000

Marking Bits: (CMBitMap*) 0x00000143864699e0
 Bits: [0x0000014399540000, 0x000001439b540000)

Polling page: 0x00000143842d0000

Metaspace:
Metaspace        used 73371K, committed 75264K, reserved 1114112K
 class space     used 10921K, committed 11776K, reserved 1048576K

Usage:
  Non-class:     60.99 MB used.
      Class:     10.67 MB used.
       Both:     71.65 MB used.

Virtual space:
  Non-class space:       64.00 MB reserved,      62.00 MB ( 97%) committed,  1 nodes.
      Class space:        1.00 GB reserved,      11.50 MB (  1%) committed,  1 nodes.
             Both:        1.06 GB reserved,      73.50 MB (  7%) committed. 

Chunk freelists:
   Non-Class:  1.79 MB
       Class:  4.38 MB
        Both:  6.17 MB

MaxMetaspaceSize: unlimited
CompressedClassSpaceSize: 1.00 GB
Initial GC threshold: 21.00 MB
Current GC threshold: 122.44 MB
CDS: off
 - commit_granule_bytes: 65536.
 - commit_granule_words: 8192.
 - virtual_space_node_default_size: 8388608.
 - enlarge_chunks_in_place: 1.
UseCompressedClassPointers 1, UseCompactObjectHeaders 0
Narrow klass pointer bits 32, Max shift 3
Narrow klass base: 0x0000000000000000, Narrow klass shift: 0
Encoding Range: [0x0000000000000000 - 0x0000000100000000), (4294967296 bytes)
Klass Range:    [0x000000001a000000 - 0x000000005a000000), (1073741824 bytes)
Klass ID Range:  [436207616 - 1509949433) (1073741817)
No protection zone.


Internal statistics:

num_allocs_failed_limit: 6.
num_arena_births: 3452.
num_arena_deaths: 0.
num_vsnodes_births: 2.
num_vsnodes_deaths: 0.
num_space_committed: 1176.
num_space_uncommitted: 0.
num_chunks_returned_to_freelist: 6.
num_chunks_taken_from_freelist: 6469.
num_chunk_merges: 6.
num_chunk_splits: 4234.
num_chunks_enlarged: 2655.
num_inconsistent_stats: 0.

CodeHeap 'non-profiled nmethods': size=120064Kb used=3291Kb max_used=3291Kb free=116772Kb
 bounds [0x00000143913c0000, 0x0000014391700000, 0x0000014398900000]
CodeHeap 'profiled nmethods': size=120000Kb used=11451Kb max_used=11530Kb free=108548Kb
 bounds [0x0000014389900000, 0x000001438a450000, 0x0000014390e30000]
CodeHeap 'non-nmethods': size=5696Kb used=1968Kb max_used=2048Kb free=3727Kb
 bounds [0x0000014390e30000, 0x00000143910a0000, 0x00000143913c0000]
CodeCache: size=245760Kb, used=16710Kb, max_used=16869Kb, free=229047Kb
 total_blobs=8920, nmethods=8087, adapters=733, full_count=0
Compilation: enabled, stopped_count=0, restarted_count=0

Compilation events (20 events):
Event: 32.547 Thread 0x000001439e031f10 9199       3       org.gradle.internal.execution.steps.CachingResult::shortcutResult (33 bytes)
Event: 32.547 Thread 0x000001439e031f10 nmethod 9199 0x000001438a1eae08 code [0x000001438a1eaf00, 0x000001438a1eb820]
Event: 32.548 Thread 0x000001439e01d310 9200       4       org.gradle.internal.snapshot.ChildMapFactory::childMapFromSorted (84 bytes)
Event: 32.553 Thread 0x000001439e01d310 nmethod 9200 0x00000143916f1888 code [0x00000143916f1980, 0x00000143916f1cd8]
Event: 32.579 Thread 0x000001439e01d310 9201   !   4       java.util.concurrent.locks.AbstractQueuedSynchronizer::acquire (448 bytes)
Event: 32.587 Thread 0x00000143a5709070 9202       4       java.util.TimSort::sort (229 bytes)
Event: 32.605 Thread 0x000001439e01d310 nmethod 9201 0x00000143916f1d08 code [0x00000143916f1e00, 0x00000143916f37f8]
Event: 32.605 Thread 0x000001439e01d310 9203       4       java.util.concurrent.locks.AbstractQueuedSynchronizer$Node::clearStatus (12 bytes)
Event: 32.605 Thread 0x000001439e01d310 nmethod 9203 0x00000143916f3808 code [0x00000143916f3900, 0x00000143916f3978]
Event: 32.615 Thread 0x00000143a5709070 nmethod 9202 0x00000143916f3b08 code [0x00000143916f3c00, 0x00000143916f56c0]
Event: 32.630 Thread 0x00000143a5709070 9204   !   4       org.gradle.internal.serialize.kryo.KryoBackedDecoder::readLong (15 bytes)
Event: 32.632 Thread 0x000001439e01d310 9205       4       com.esotericsoftware.kryo.io.Input::readLong (181 bytes)
Event: 32.640 Thread 0x000001439e01d310 nmethod 9205 0x00000143916f5708 code [0x00000143916f5800, 0x00000143916f5cf0]
Event: 32.641 Thread 0x00000143a5709070 nmethod 9204 0x00000143916f5d08 code [0x00000143916f5e00, 0x00000143916f6380]
Event: 32.669 Thread 0x000001439e01d310 9206       4       java.util.stream.ReferencePipeline::collect (124 bytes)
Event: 32.675 Thread 0x00000143a5709070 9207       4       org.gradle.internal.file.FileHierarchySet$Node::contains (101 bytes)
Event: 32.704 Thread 0x000001439e031f10 9208   !   3       org.gradle.api.internal.artifacts.transform.TransformingAsyncArtifactListener$TransformedArtifact::finalizeValue (168 bytes)
Event: 32.706 Thread 0x000001439e031f10 nmethod 9208 0x0000014389aa2188 code [0x0000014389aa2280, 0x0000014389aa3a50]
Event: 32.713 Thread 0x000001439e031f10 9209       3       java.lang.invoke.DirectMethodHandle$Holder::invokeSpecial (22 bytes)
Event: 32.714 Thread 0x000001439e031f10 nmethod 9209 0x0000014389e7ea08 code [0x0000014389e7eb00, 0x0000014389e7efc0]

GC Heap Usage History (20 events):
Event: 13.013 {heap Before GC invocations=14 (full 0):
 garbage-first heap   total reserved 2097152K, committed 94208K, used 84752K [0x0000000080000000, 0x0000000100000000)
  region size 1024K, 31 young (31744K), 4 survivors (4096K)
}
Event: 13.018 {heap After GC invocations=15 (full 0):
 garbage-first heap   total reserved 2097152K, committed 94208K, used 59343K [0x0000000080000000, 0x0000000100000000)
  region size 1024K, 3 young (3072K), 3 survivors (3072K)
}
Event: 14.486 {heap Before GC invocations=16 (full 0):
 garbage-first heap   total reserved 2097152K, committed 101376K, used 83919K [0x0000000080000000, 0x0000000100000000)
  region size 1024K, 28 young (28672K), 3 survivors (3072K)
}
Event: 14.492 {heap After GC invocations=17 (full 0):
 garbage-first heap   total reserved 2097152K, committed 101376K, used 60563K [0x0000000080000000, 0x0000000100000000)
  region size 1024K, 4 young (4096K), 4 survivors (4096K)
}
Event: 15.517 {heap Before GC invocations=17 (full 0):
 garbage-first heap   total reserved 2097152K, committed 101376K, used 90259K [0x0000000080000000, 0x0000000100000000)
  region size 1024K, 34 young (34816K), 4 survivors (4096K)
}
Event: 15.524 {heap After GC invocations=18 (full 0):
 garbage-first heap   total reserved 2097152K, committed 103424K, used 65611K [0x0000000080000000, 0x0000000100000000)
  region size 1024K, 5 young (5120K), 5 survivors (5120K)
}
Event: 15.804 {heap Before GC invocations=18 (full 0):
 garbage-first heap   total reserved 2097152K, committed 103424K, used 92235K [0x0000000080000000, 0x0000000100000000)
  region size 1024K, 31 young (31744K), 5 survivors (5120K)
}
Event: 15.808 {heap After GC invocations=19 (full 0):
 garbage-first heap   total reserved 2097152K, committed 103424K, used 67174K [0x0000000080000000, 0x0000000100000000)
  region size 1024K, 2 young (2048K), 2 survivors (2048K)
}
Event: 17.726 {heap Before GC invocations=20 (full 0):
 garbage-first heap   total reserved 2097152K, committed 112640K, used 93798K [0x0000000080000000, 0x0000000100000000)
  region size 1024K, 28 young (28672K), 2 survivors (2048K)
}
Event: 17.729 {heap After GC invocations=21 (full 0):
 garbage-first heap   total reserved 2097152K, committed 112640K, used 69320K [0x0000000080000000, 0x0000000100000000)
  region size 1024K, 4 young (4096K), 4 survivors (4096K)
}
Event: 20.229 {heap Before GC invocations=21 (full 0):
 garbage-first heap   total reserved 2097152K, committed 112640K, used 101064K [0x0000000080000000, 0x0000000100000000)
  region size 1024K, 35 young (35840K), 4 survivors (4096K)
}
Event: 20.235 {heap After GC invocations=22 (full 0):
 garbage-first heap   total reserved 2097152K, committed 112640K, used 69615K [0x0000000080000000, 0x0000000100000000)
  region size 1024K, 4 young (4096K), 4 survivors (4096K)
}
Event: 21.698 {heap Before GC invocations=22 (full 0):
 garbage-first heap   total reserved 2097152K, committed 112640K, used 101359K [0x0000000080000000, 0x0000000100000000)
  region size 1024K, 35 young (35840K), 4 survivors (4096K)
}
Event: 21.704 {heap After GC invocations=23 (full 0):
 garbage-first heap   total reserved 2097152K, committed 112640K, used 71595K [0x0000000080000000, 0x0000000100000000)
  region size 1024K, 4 young (4096K), 4 survivors (4096K)
}
Event: 28.309 {heap Before GC invocations=24 (full 0):
 garbage-first heap   total reserved 2097152K, committed 121856K, used 103339K [0x0000000080000000, 0x0000000100000000)
  region size 1024K, 35 young (35840K), 4 survivors (4096K)
}
Event: 28.319 {heap After GC invocations=25 (full 0):
 garbage-first heap   total reserved 2097152K, committed 121856K, used 74401K [0x0000000080000000, 0x0000000100000000)
  region size 1024K, 5 young (5120K), 5 survivors (5120K)
}
Event: 31.281 {heap Before GC invocations=25 (full 0):
 garbage-first heap   total reserved 2097152K, committed 121856K, used 110241K [0x0000000080000000, 0x0000000100000000)
  region size 1024K, 41 young (41984K), 5 survivors (5120K)
}
Event: 31.291 {heap After GC invocations=26 (full 0):
 garbage-first heap   total reserved 2097152K, committed 121856K, used 77035K [0x0000000080000000, 0x0000000100000000)
  region size 1024K, 6 young (6144K), 6 survivors (6144K)
}
Event: 31.801 {heap Before GC invocations=26 (full 0):
 garbage-first heap   total reserved 2097152K, committed 121856K, used 109803K [0x0000000080000000, 0x0000000100000000)
  region size 1024K, 39 young (39936K), 6 survivors (6144K)
}
Event: 31.809 {heap After GC invocations=27 (full 0):
 garbage-first heap   total reserved 2097152K, committed 121856K, used 79413K [0x0000000080000000, 0x0000000100000000)
  region size 1024K, 3 young (3072K), 3 survivors (3072K)
}

Metaspace Usage History (20 events):
Event: 13.013 {metaspace Before GC invocations=14 (full 0):
 Metaspace       used 53717K, committed 55232K, reserved 1114112K
  class space    used 7855K, committed 8576K, reserved 1048576K
}
Event: 13.018 {metaspace After GC invocations=15 (full 0):
 Metaspace       used 53717K, committed 55232K, reserved 1114112K
  class space    used 7855K, committed 8576K, reserved 1048576K
}
Event: 14.486 {metaspace Before GC invocations=16 (full 0):
 Metaspace       used 56256K, committed 57792K, reserved 1114112K
  class space    used 8323K, committed 9024K, reserved 1048576K
}
Event: 14.492 {metaspace After GC invocations=17 (full 0):
 Metaspace       used 56256K, committed 57792K, reserved 1114112K
  class space    used 8323K, committed 9024K, reserved 1048576K
}
Event: 15.517 {metaspace Before GC invocations=17 (full 0):
 Metaspace       used 57277K, committed 58816K, reserved 1114112K
  class space    used 8461K, committed 9216K, reserved 1048576K
}
Event: 15.524 {metaspace After GC invocations=18 (full 0):
 Metaspace       used 57277K, committed 58816K, reserved 1114112K
  class space    used 8461K, committed 9216K, reserved 1048576K
}
Event: 15.804 {metaspace Before GC invocations=18 (full 0):
 Metaspace       used 58755K, committed 60416K, reserved 1114112K
  class space    used 8659K, committed 9408K, reserved 1048576K
}
Event: 15.808 {metaspace After GC invocations=19 (full 0):
 Metaspace       used 58755K, committed 60416K, reserved 1114112K
  class space    used 8659K, committed 9408K, reserved 1048576K
}
Event: 17.726 {metaspace Before GC invocations=20 (full 0):
 Metaspace       used 61357K, committed 63040K, reserved 1114112K
  class space    used 9113K, committed 9920K, reserved 1048576K
}
Event: 17.729 {metaspace After GC invocations=21 (full 0):
 Metaspace       used 61357K, committed 63040K, reserved 1114112K
  class space    used 9113K, committed 9920K, reserved 1048576K
}
Event: 20.229 {metaspace Before GC invocations=21 (full 0):
 Metaspace       used 66005K, committed 67776K, reserved 1114112K
  class space    used 9787K, committed 10624K, reserved 1048576K
}
Event: 20.235 {metaspace After GC invocations=22 (full 0):
 Metaspace       used 66005K, committed 67776K, reserved 1114112K
  class space    used 9787K, committed 10624K, reserved 1048576K
}
Event: 21.698 {metaspace Before GC invocations=22 (full 0):
 Metaspace       used 69940K, committed 71744K, reserved 1114112K
  class space    used 10423K, committed 11264K, reserved 1048576K
}
Event: 21.704 {metaspace After GC invocations=23 (full 0):
 Metaspace       used 69940K, committed 71744K, reserved 1114112K
  class space    used 10423K, committed 11264K, reserved 1048576K
}
Event: 28.309 {metaspace Before GC invocations=24 (full 0):
 Metaspace       used 72570K, committed 74432K, reserved 1114112K
  class space    used 10878K, committed 11776K, reserved 1048576K
}
Event: 28.319 {metaspace After GC invocations=25 (full 0):
 Metaspace       used 72570K, committed 74432K, reserved 1114112K
  class space    used 10878K, committed 11776K, reserved 1048576K
}
Event: 31.281 {metaspace Before GC invocations=25 (full 0):
 Metaspace       used 73198K, committed 75008K, reserved 1114112K
  class space    used 10919K, committed 11776K, reserved 1048576K
}
Event: 31.291 {metaspace After GC invocations=26 (full 0):
 Metaspace       used 73198K, committed 75008K, reserved 1114112K
  class space    used 10919K, committed 11776K, reserved 1048576K
}
Event: 31.801 {metaspace Before GC invocations=26 (full 0):
 Metaspace       used 73333K, committed 75200K, reserved 1114112K
  class space    used 10920K, committed 11776K, reserved 1048576K
}
Event: 31.809 {metaspace After GC invocations=27 (full 0):
 Metaspace       used 73333K, committed 75200K, reserved 1114112K
  class space    used 10920K, committed 11776K, reserved 1048576K
}

Dll operation events (3 events):
Event: 0.015 Loaded shared library C:\Program Files\Android\Android Studio\jbr\bin\java.dll
Event: 0.020 Loaded shared library C:\Program Files\Android\Android Studio\jbr\bin\zip.dll
Event: 1.051 Loaded shared library C:\Program Files\Android\Android Studio\jbr\bin\verify.dll

Deoptimization events (20 events):
Event: 31.628 Thread 0x00000143a5346580 DEOPT UNPACKING pc=0x0000014390f48582 sp=0x00000022f31f4958 mode 2
Event: 31.628 Thread 0x000001439e377ad0 DEOPT UNPACKING pc=0x0000014390f48582 sp=0x00000022f4bfe048 mode 2
Event: 31.628 Thread 0x000001439e3753c0 DEOPT UNPACKING pc=0x0000014390f48582 sp=0x00000022f4cfdb38 mode 2
Event: 31.628 Thread 0x000001439e3753c0 Uncommon trap: trap_request=0xffffff45 fr.pc=0x000001439150fe1c relative=0x0000000000000b1c
Event: 31.628 Thread 0x000001439e3753c0 Uncommon trap: reason=unstable_if action=reinterpret pc=0x000001439150fe1c method=java.util.concurrent.ConcurrentHashMap.computeIfAbsent(Ljava/lang/Object;Ljava/util/function/Function;)Ljava/lang/Object; @ 199 c2
Event: 31.628 Thread 0x000001439e3753c0 DEOPT PACKING pc=0x000001439150fe1c sp=0x00000022f4cfdc20
Event: 31.628 Thread 0x000001439e3753c0 DEOPT UNPACKING pc=0x0000014390f48582 sp=0x00000022f4cfdba0 mode 2
Event: 31.628 Thread 0x00000143a3f9c7a0 DEOPT UNPACKING pc=0x0000014390f48582 sp=0x00000022f4efdae8 mode 2
Event: 31.630 Thread 0x000001439e375b90 Uncommon trap: trap_request=0xffffff45 fr.pc=0x000001439150a934 relative=0x0000000000000bb4
Event: 31.630 Thread 0x000001439e375b90 Uncommon trap: reason=unstable_if action=reinterpret pc=0x000001439150a934 method=java.util.concurrent.ConcurrentHashMap.transfer([Ljava/util/concurrent/ConcurrentHashMap$Node;[Ljava/util/concurrent/ConcurrentHashMap$Node;)V @ 347 c2
Event: 31.630 Thread 0x000001439e375b90 DEOPT PACKING pc=0x000001439150a934 sp=0x00000022f4afdef0
Event: 31.630 Thread 0x000001439e375b90 DEOPT UNPACKING pc=0x0000014390f48582 sp=0x00000022f4afde40 mode 2
Event: 31.632 Thread 0x00000143a3f9cf70 Uncommon trap: trap_request=0xffffff45 fr.pc=0x000001439150a934 relative=0x0000000000000bb4
Event: 31.632 Thread 0x00000143a3f9cf70 Uncommon trap: reason=unstable_if action=reinterpret pc=0x000001439150a934 method=java.util.concurrent.ConcurrentHashMap.transfer([Ljava/util/concurrent/ConcurrentHashMap$Node;[Ljava/util/concurrent/ConcurrentHashMap$Node;)V @ 347 c2
Event: 31.632 Thread 0x00000143a3f9cf70 DEOPT PACKING pc=0x000001439150a934 sp=0x00000022f4dfdfb0
Event: 31.632 Thread 0x00000143a3f9cf70 DEOPT UNPACKING pc=0x0000014390f48582 sp=0x00000022f4dfdf00 mode 2
Event: 32.646 Thread 0x000001439e375b90 Uncommon trap: trap_request=0xffffff6e fr.pc=0x00000143916f4c68 relative=0x0000000000001068
Event: 32.646 Thread 0x000001439e375b90 Uncommon trap: reason=predicate action=maybe_recompile pc=0x00000143916f4c68 method=java.util.TimSort.reverseRange([Ljava/lang/Object;II)V @ 5 c2
Event: 32.646 Thread 0x000001439e375b90 DEOPT PACKING pc=0x00000143916f4c68 sp=0x00000022f4afdbe0
Event: 32.646 Thread 0x000001439e375b90 DEOPT UNPACKING pc=0x0000014390f48582 sp=0x00000022f4afda90 mode 2

Classes loaded (20 events):
Event: 21.926 Loading class java/util/IdentityHashMap$IdentityHashMapIterator done
Event: 21.926 Loading class java/util/IdentityHashMap$EntryIterator done
Event: 21.926 Loading class java/util/IdentityHashMap$EntryIterator$Entry
Event: 21.927 Loading class java/util/IdentityHashMap$EntryIterator$Entry done
Event: 22.281 Loading class org/xml/sax/Locator
Event: 22.282 Loading class org/xml/sax/Locator done
Event: 22.283 Loading class org/xml/sax/SAXParseException
Event: 22.284 Loading class org/xml/sax/SAXParseException done
Event: 22.285 Loading class org/xml/sax/Attributes
Event: 22.286 Loading class org/xml/sax/Attributes done
Event: 22.684 Loading class java/util/function/LongUnaryOperator
Event: 22.685 Loading class java/util/function/LongUnaryOperator done
Event: 22.766 Loading class java/util/TreeMap$KeySpliterator
Event: 22.772 Loading class java/util/TreeMap$TreeMapSpliterator
Event: 22.772 Loading class java/util/TreeMap$TreeMapSpliterator done
Event: 22.772 Loading class java/util/TreeMap$KeySpliterator done
Event: 30.576 Loading class java/util/LinkedList$LLSpliterator
Event: 30.577 Loading class java/util/LinkedList$LLSpliterator done
Event: 31.345 Loading class java/util/concurrent/atomic/Striped64$Cell
Event: 31.346 Loading class java/util/concurrent/atomic/Striped64$Cell done

Classes unloaded (0 events):
No events

Classes redefined (0 events):
No events

Internal exceptions (20 events):
Event: 32.663 Thread 0x00000143a3f9cf70 Exception <a 'sun/nio/fs/WindowsException'{0x00000000861efde0}> (0x00000000861efde0) 
thrown [s\src\hotspot\share\prims\jni.cpp, line 535]
Event: 32.663 Thread 0x000001439e377ad0 Exception <a 'sun/nio/fs/WindowsException'{0x0000000086176300}> (0x0000000086176300) 
thrown [s\src\hotspot\share\prims\jni.cpp, line 535]
Event: 32.665 Thread 0x00000143a3f9c7a0 Exception <a 'sun/nio/fs/WindowsException'{0x000000008604d058}> (0x000000008604d058) 
thrown [s\src\hotspot\share\prims\jni.cpp, line 535]
Event: 32.667 Thread 0x000001439e3753c0 Exception <a 'sun/nio/fs/WindowsException'{0x00000000862bca90}> (0x00000000862bca90) 
thrown [s\src\hotspot\share\prims\jni.cpp, line 535]
Event: 32.668 Thread 0x00000143a3f9a090 Exception <a 'sun/nio/fs/WindowsException'{0x0000000086026288}> (0x0000000086026288) 
thrown [s\src\hotspot\share\prims\jni.cpp, line 535]
Event: 32.698 Thread 0x000001439e370d70 Exception <a 'sun/nio/fs/WindowsException'{0x00000000860ddf10}> (0x00000000860ddf10) 
thrown [s\src\hotspot\share\prims\jni.cpp, line 535]
Event: 32.698 Thread 0x00000143a5346580 Exception <a 'sun/nio/fs/WindowsException'{0x00000000864eb690}> (0x00000000864eb690) 
thrown [s\src\hotspot\share\prims\jni.cpp, line 535]
Event: 32.701 Thread 0x000001439e3753c0 Exception <a 'sun/nio/fs/WindowsException'{0x0000000085f21288}> (0x0000000085f21288) 
thrown [s\src\hotspot\share\prims\jni.cpp, line 535]
Event: 32.704 Thread 0x000001439e377ad0 Exception <a 'sun/nio/fs/WindowsException'{0x000000008608d208}> (0x000000008608d208) 
thrown [s\src\hotspot\share\prims\jni.cpp, line 535]
Event: 32.706 Thread 0x000001439e375b90 Exception <a 'sun/nio/fs/WindowsException'{0x0000000085fccab0}> (0x0000000085fccab0) 
thrown [s\src\hotspot\share\prims\jni.cpp, line 535]
Event: 32.709 Thread 0x000001439e370d70 Exception <a 'sun/nio/fs/WindowsException'{0x0000000085f3f3c0}> (0x0000000085f3f3c0) 
thrown [s\src\hotspot\share\prims\jni.cpp, line 535]
Event: 32.712 Thread 0x00000143a3f9a090 Exception <a 'sun/nio/fs/WindowsException'{0x00000000860c7348}> (0x00000000860c7348) 
thrown [s\src\hotspot\share\prims\jni.cpp, line 535]
Event: 32.717 Thread 0x00000143a3f9cf70 Exception <a 'sun/nio/fs/WindowsException'{0x0000000085e26fd0}> (0x0000000085e26fd0) 
thrown [s\src\hotspot\share\prims\jni.cpp, line 535]
Event: 32.719 Thread 0x00000143a3f9c7a0 Exception <a 'sun/nio/fs/WindowsException'{0x0000000085e49918}> (0x0000000085e49918) 
thrown [s\src\hotspot\share\prims\jni.cpp, line 535]
Event: 32.721 Thread 0x00000143a5346580 Exception <a 'sun/nio/fs/WindowsException'{0x0000000085f49bc0}> (0x0000000085f49bc0) 
thrown [s\src\hotspot\share\prims\jni.cpp, line 535]
Event: 32.721 Thread 0x000001439e375b90 Exception <a 'sun/nio/fs/WindowsException'{0x0000000085e862b0}> (0x0000000085e862b0) 
thrown [s\src\hotspot\share\prims\jni.cpp, line 535]
Event: 32.721 Thread 0x00000143a3f9a090 Exception <a 'sun/nio/fs/WindowsException'{0x0000000085e35b18}> (0x0000000085e35b18) 
thrown [s\src\hotspot\share\prims\jni.cpp, line 535]
Event: 32.723 Thread 0x000001439e3753c0 Exception <a 'sun/nio/fs/WindowsException'{0x0000000085e8eb10}> (0x0000000085e8eb10) 
thrown [s\src\hotspot\share\prims\jni.cpp, line 535]
Event: 32.727 Thread 0x00000143a3f9cf70 Exception <a 'sun/nio/fs/WindowsException'{0x0000000085e80478}> (0x0000000085e80478) 
thrown [s\src\hotspot\share\prims\jni.cpp, line 535]
Event: 32.730 Thread 0x000001439e377ad0 Exception <a 'sun/nio/fs/WindowsException'{0x0000000085e15178}> (0x0000000085e15178) 
thrown [s\src\hotspot\share\prims\jni.cpp, line 535]

VM Operations (20 events):
Event: 21.633 Executing non-safepoint VM operation: HandshakeAllThreads (Deoptimize)
Event: 21.633 Executing non-safepoint VM operation: HandshakeAllThreads (Deoptimize) done
Event: 21.698 Executing safepoint VM operation: G1CollectForAllocation (G1 Evacuation Pause)
Event: 21.704 Executing safepoint VM operation: G1CollectForAllocation (G1 Evacuation Pause) done
Event: 21.740 Executing safepoint VM operation: G1PauseRemark
Event: 21.745 Executing safepoint VM operation: G1PauseRemark done
Event: 21.779 Executing safepoint VM operation: G1PauseCleanup
Event: 21.779 Executing safepoint VM operation: G1PauseCleanup done
Event: 23.664 Executing non-safepoint VM operation: HandshakeAllThreads (Deoptimize)
Event: 23.664 Executing non-safepoint VM operation: HandshakeAllThreads (Deoptimize) done
Event: 28.286 Executing safepoint VM operation: G1CollectForAllocation (G1 Evacuation Pause)
Event: 28.320 Executing safepoint VM operation: G1CollectForAllocation (G1 Evacuation Pause) done
Event: 31.280 Executing safepoint VM operation: G1CollectForAllocation (G1 Evacuation Pause)
Event: 31.291 Executing safepoint VM operation: G1CollectForAllocation (G1 Evacuation Pause) done
Event: 31.801 Executing safepoint VM operation: G1CollectForAllocation (G1 Evacuation Pause)
Event: 31.809 Executing safepoint VM operation: G1CollectForAllocation (G1 Evacuation Pause) done
Event: 31.870 Executing safepoint VM operation: G1PauseRemark
Event: 31.876 Executing safepoint VM operation: G1PauseRemark done
Event: 31.897 Executing safepoint VM operation: G1PauseCleanup
Event: 31.897 Executing safepoint VM operation: G1PauseCleanup done

Memory protections (0 events):
No events

Nmethod flushes (20 events):
Event: 31.874 Thread 0x000001439dfa3930 flushing  nmethod 0x00000143899c9108
Event: 31.874 Thread 0x000001439dfa3930 flushing  nmethod 0x0000014389c21d88
Event: 31.874 Thread 0x000001439dfa3930 flushing  nmethod 0x0000014389ddc908
Event: 31.874 Thread 0x000001439dfa3930 flushing  nmethod 0x0000014389e7e688
Event: 31.874 Thread 0x000001439dfa3930 flushing  nmethod 0x000001438a058e08
Event: 31.874 Thread 0x000001439dfa3930 flushing  nmethod 0x000001438a20b388
Event: 31.874 Thread 0x000001439dfa3930 flushing  nmethod 0x000001438a20bd08
Event: 31.874 Thread 0x000001439dfa3930 flushing  nmethod 0x0000014389a34608
Event: 31.874 Thread 0x000001439dfa3930 flushing  nmethod 0x0000014389baf588
Event: 31.874 Thread 0x000001439dfa3930 flushing  nmethod 0x0000014389d03688
Event: 31.874 Thread 0x000001439dfa3930 flushing  nmethod 0x0000014389d46508
Event: 31.874 Thread 0x000001439dfa3930 flushing  nmethod 0x0000014389d8ba08
Event: 31.874 Thread 0x000001439dfa3930 flushing  nmethod 0x0000014389dc1b88
Event: 31.874 Thread 0x000001439dfa3930 flushing  nmethod 0x0000014389e66988
Event: 31.874 Thread 0x000001439dfa3930 flushing  nmethod 0x0000014389e69788
Event: 31.874 Thread 0x000001439dfa3930 flushing  nmethod 0x0000014389e6d488
Event: 31.874 Thread 0x000001439dfa3930 flushing  nmethod 0x0000014389ecb208
Event: 31.874 Thread 0x000001439dfa3930 flushing  nmethod 0x000001438a0a1208
Event: 31.874 Thread 0x000001439dfa3930 flushing  nmethod 0x000001438a0dea08
Event: 31.874 Thread 0x000001439dfa3930 flushing  nmethod 0x000001438a19c188

Events (20 events):
Event: 8.326 Thread 0x00000143a5346580 Thread added: 0x000001439e943a20
Event: 8.326 Thread 0x00000143a5346580 Thread added: 0x000001439e9478a0
Event: 8.326 Thread 0x00000143a5346580 Thread added: 0x000001439e9441f0
Event: 8.326 Thread 0x00000143a5346580 Thread added: 0x000001439e9497e0
Event: 9.762 Thread 0x00000143a5346580 Thread added: 0x00000143a6fee6e0
Event: 10.114 Thread 0x00000143a5346580 Thread added: 0x00000143a6fec7a0
Event: 10.991 Thread 0x00000143a5346580 Thread added: 0x00000143a6feb030
Event: 11.083 Thread 0x00000143a5346580 Thread added: 0x00000143a6feb800
Event: 14.423 Thread 0x00000143a5346580 Thread added: 0x000001439e370d70
Event: 14.426 Thread 0x00000143a5346580 Thread added: 0x000001439e375b90
Event: 14.546 Thread 0x00000143a5346580 Thread added: 0x000001439e377ad0
Event: 14.547 Thread 0x00000143a5346580 Thread added: 0x000001439e3753c0
Event: 14.944 Thread 0x00000143a5346580 Thread added: 0x00000143a3f9cf70
Event: 14.945 Thread 0x00000143a5346580 Thread added: 0x00000143a3f9c7a0
Event: 14.946 Thread 0x00000143a5346580 Thread added: 0x00000143a3f9a090
Event: 14.947 Thread 0x00000143a5346580 Thread added: 0x00000143a3f9df10
Event: 21.074 Thread 0x00000143a5436eb0 Thread added: 0x00000143a3f9f680
Event: 21.078 Thread 0x00000143a3f9f680 Thread added: 0x00000143a5d090a0
Event: 21.157 Thread 0x00000143a5d090a0 Thread exited: 0x00000143a5d090a0
Event: 31.411 Thread 0x000001439e031f10 Thread added: 0x00000143a5709070


Dynamic libraries:
0x00007ff6af500000 - 0x00007ff6af50a000 	C:\Program Files\Android\Android Studio\jbr\bin\java.exe
0x00007ff9cdea0000 - 0x00007ff9ce107000 	C:\WINDOWS\SYSTEM32\ntdll.dll
0x00007ff9cd060000 - 0x00007ff9cd12b000 	C:\WINDOWS\System32\KERNEL32.DLL
0x00007ff9cb430000 - 0x00007ff9cb832000 	C:\WINDOWS\System32\KERNELBASE.dll
0x00007ff9cb210000 - 0x00007ff9cb35c000 	C:\WINDOWS\System32\ucrtbase.dll
0x00007ff9c2c40000 - 0x00007ff9c2c56000 	C:\Program Files\Android\Android Studio\jbr\bin\jli.dll
0x00007ff9aa120000 - 0x00007ff9aa13b000 	C:\Program Files\Android\Android Studio\jbr\bin\VCRUNTIME140.dll
0x00007ff9cd760000 - 0x00007ff9cd92f000 	C:\WINDOWS\System32\USER32.dll
0x00007ff9cb0a0000 - 0x00007ff9cb0c7000 	C:\WINDOWS\System32\win32u.dll
0x00007ff9a96c0000 - 0x00007ff9a9950000 	C:\WINDOWS\WinSxS\amd64_microsoft.windows.common-controls_6595b64144ccf1df_6.0.26100.9278_none_3e0d1ba8e3303201\COMCTL32.dll
0x00007ff9cd730000 - 0x00007ff9cd75b000 	C:\WINDOWS\System32\GDI32.dll
0x00007ff9ccd90000 - 0x00007ff9cce39000 	C:\WINDOWS\System32\msvcrt.dll
0x00007ff9cb9d0000 - 0x00007ff9cbaf9000 	C:\WINDOWS\System32\gdi32full.dll
0x00007ff9cb0d0000 - 0x00007ff9cb173000 	C:\WINDOWS\System32\msvcp_win.dll
0x00007ff9cd940000 - 0x00007ff9cd971000 	C:\WINDOWS\System32\IMM32.DLL
0x00007ff9c5030000 - 0x00007ff9c503c000 	C:\Program Files\Android\Android Studio\jbr\bin\vcruntime140_1.dll
0x00007ff92d7b0000 - 0x00007ff92d83d000 	C:\Program Files\Android\Android Studio\jbr\bin\msvcp140.dll
0x00007ff90e020000 - 0x00007ff90eefa000 	C:\Program Files\Android\Android Studio\jbr\bin\server\jvm.dll
0x00007ff9cd250000 - 0x00007ff9cd30c000 	C:\WINDOWS\System32\ADVAPI32.dll
0x00007ff9cc050000 - 0x00007ff9cc0f9000 	C:\WINDOWS\System32\sechost.dll
0x00007ff9ccf40000 - 0x00007ff9cd058000 	C:\WINDOWS\System32\RPCRT4.dll
0x00007ff9cc130000 - 0x00007ff9cc1b0000 	C:\WINDOWS\System32\WS2_32.dll
0x00007ff9caf00000 - 0x00007ff9caf5e000 	C:\WINDOWS\SYSTEM32\POWRPROF.dll
0x00007ff9bfc80000 - 0x00007ff9bfcb6000 	C:\WINDOWS\SYSTEM32\WINMM.dll
0x00007ff9b5c50000 - 0x00007ff9b5c5b000 	C:\WINDOWS\SYSTEM32\VERSION.dll
0x00007ff9caee0000 - 0x00007ff9caef5000 	C:\WINDOWS\SYSTEM32\UMPDC.dll
0x00007ff9c9d40000 - 0x00007ff9c9d5b000 	C:\WINDOWS\SYSTEM32\kernel.appcore.dll
0x00007ff9c2c30000 - 0x00007ff9c2c3a000 	C:\Program Files\Android\Android Studio\jbr\bin\jimage.dll
0x00007ff9c85e0000 - 0x00007ff9c882c000 	C:\WINDOWS\SYSTEM32\DBGHELP.DLL
0x00007ff9cd320000 - 0x00007ff9cd6a5000 	C:\WINDOWS\System32\combase.dll
0x00007ff9cc360000 - 0x00007ff9cc439000 	C:\WINDOWS\System32\OLEAUT32.dll
0x00007ff9a8620000 - 0x00007ff9a865b000 	C:\WINDOWS\SYSTEM32\dbgcore.DLL
0x00007ff9cb370000 - 0x00007ff9cb41c000 	C:\WINDOWS\System32\bcryptPrimitives.dll
0x00007ff9c5230000 - 0x00007ff9c523e000 	C:\Program Files\Android\Android Studio\jbr\bin\instrument.dll
0x00007ff9aa100000 - 0x00007ff9aa11f000 	C:\Program Files\Android\Android Studio\jbr\bin\java.dll
0x00007ff9cd980000 - 0x00007ff9cdb1a000 	C:\WINDOWS\System32\ole32.dll
0x00007ff9cc540000 - 0x00007ff9cccd8000 	C:\WINDOWS\System32\SHELL32.dll
0x00007ff9a9ed0000 - 0x00007ff9a9ee7000 	C:\Program Files\Android\Android Studio\jbr\bin\zip.dll
0x00007ff9c8ac0000 - 0x00007ff9c936e000 	C:\WINDOWS\SYSTEM32\windows.storage.dll
0x00007ff9cce40000 - 0x00007ff9ccf3b000 	C:\WINDOWS\System32\SHCORE.dll
0x00007ff9cdb20000 - 0x00007ff9cdb86000 	C:\WINDOWS\System32\shlwapi.dll
0x00007ff9cafc0000 - 0x00007ff9cafe9000 	C:\WINDOWS\SYSTEM32\profapi.dll
0x00007ff9aa180000 - 0x00007ff9aa190000 	C:\Program Files\Android\Android Studio\jbr\bin\net.dll
0x00007ff9ca2f0000 - 0x00007ff9ca35c000 	C:\WINDOWS\system32\mswsock.dll
0x00007ff9a9e90000 - 0x00007ff9a9ea6000 	C:\Program Files\Android\Android Studio\jbr\bin\nio.dll
0x00007ff9c31f0000 - 0x00007ff9c3200000 	C:\Program Files\Android\Android Studio\jbr\bin\verify.dll
0x00007ff9b9950000 - 0x00007ff9b9977000 	C:\Users\pamil\.gradle\native\660c5614fbf4a5f2a75b1949f50a0caf5cd603558e7d8a26e50b933a0cfb79d1\windows-amd64\native-platform.dll
0x00007ff9aa230000 - 0x00007ff9aa2a7000 	C:\Users\pamil\.gradle\native\0.2.8\x86_64-windows-gnu\gradle-fileevents.dll
0x00007ff9a9d60000 - 0x00007ff9a9d69000 	C:\Program Files\Android\Android Studio\jbr\bin\management.dll
0x00007ff987250000 - 0x00007ff98725b000 	C:\Program Files\Android\Android Studio\jbr\bin\management_ext.dll
0x00007ff9cc1e0000 - 0x00007ff9cc1e8000 	C:\WINDOWS\System32\PSAPI.DLL
0x00007ff9c9740000 - 0x00007ff9c9773000 	C:\WINDOWS\SYSTEM32\IPHLPAPI.DLL
0x00007ff9cdb90000 - 0x00007ff9cdb9a000 	C:\WINDOWS\System32\NSI.dll
0x00007ff9a9da0000 - 0x00007ff9a9da9000 	C:\Program Files\Android\Android Studio\jbr\bin\extnet.dll
0x00007ff9ca600000 - 0x00007ff9ca61b000 	C:\WINDOWS\SYSTEM32\CRYPTSP.dll
0x00007ff9c9ca0000 - 0x00007ff9c9cd9000 	C:\WINDOWS\system32\rsaenh.dll
0x00007ff9ca3c0000 - 0x00007ff9ca3f4000 	C:\WINDOWS\SYSTEM32\USERENV.dll
0x00007ff9caf90000 - 0x00007ff9cafba000 	C:\WINDOWS\SYSTEM32\bcrypt.dll
0x00007ff9ca620000 - 0x00007ff9ca62c000 	C:\WINDOWS\SYSTEM32\CRYPTBASE.dll
0x00007ff9a9a30000 - 0x00007ff9a9a38000 	C:\WINDOWS\system32\wshunix.dll

JVMTI agents:
C:\Users\pamil\.gradle\wrapper\dists\gradle-9.5.0-bin\bvnork1r7n8i6kp5cnkibsc9q\gradle-9.5.0\lib\agents\gradle-instrumentation-agent-9.5.0.jar path:C:\Program Files\Android\Android Studio\jbr\bin\instrument.dll, loaded, initialized, instrumentlib options:none

dbghelp: loaded successfully - version: 4.0.5 - missing functions: none
symbol engine: initialized successfully - sym options: 0x614 - pdb path: .;C:\Program Files\Android\Android Studio\jbr\bin;C:\WINDOWS\SYSTEM32;C:\WINDOWS\WinSxS\amd64_microsoft.windows.common-controls_6595b64144ccf1df_6.0.26100.9278_none_3e0d1ba8e3303201;C:\Program Files\Android\Android Studio\jbr\bin\server;C:\Users\pamil\.gradle\native\660c5614fbf4a5f2a75b1949f50a0caf5cd603558e7d8a26e50b933a0cfb79d1\windows-amd64;C:\Users\pamil\.gradle\native\0.2.8\x86_64-windows-gnu

VM Arguments:
jvm_args: --add-opens=java.base/java.lang=ALL-UNNAMED --add-opens=java.base/java.lang.invoke=ALL-UNNAMED --add-opens=java.base/java.util=ALL-UNNAMED --add-opens=java.prefs/java.util.prefs=ALL-UNNAMED --add-exports=jdk.compiler/com.sun.tools.javac.api=ALL-UNNAMED --add-exports=jdk.compiler/com.sun.tools.javac.util=ALL-UNNAMED --add-opens=java.base/java.nio.charset=ALL-UNNAMED --add-opens=java.base/java.net=ALL-UNNAMED --add-opens=java.base/java.util.concurrent=ALL-UNNAMED --add-opens=java.base/java.util.concurrent.atomic=ALL-UNNAMED --add-opens=java.xml/javax.xml.namespace=ALL-UNNAMED --add-opens=java.base/java.time=ALL-UNNAMED --enable-native-access=ALL-UNNAMED -Xmx2048m -Dfile.encoding=UTF-8 -Duser.country=CO -Duser.language=es -Duser.variant -javaagent:C:\Users\pamil\.gradle\wrapper\dists\gradle-9.5.0-bin\bvnork1r7n8i6kp5cnkibsc9q\gradle-9.5.0\lib\agents\gradle-instrumentation-agent-9.5.0.jar 
java_command: org.gradle.launcher.daemon.bootstrap.GradleDaemon 9.5.0
java_class_path (initial): C:\Users\pamil\.gradle\wrapper\dists\gradle-9.5.0-bin\bvnork1r7n8i6kp5cnkibsc9q\gradle-9.5.0\lib\gradle-daemon-main-9.5.0.jar
Launcher Type: SUN_STANDARD

[Global flags]
     intx CICompilerCount                          = 4                                         {product} {ergonomic}
     uint ConcGCThreads                            = 2                                         {product} {ergonomic}
     uint G1ConcRefinementThreads                  = 8                                         {product} {ergonomic}
   size_t G1HeapRegionSize                         = 1048576                                   {product} {ergonomic}
   size_t InitialHeapSize                          = 130023424                                 {product} {ergonomic}
   size_t MarkStackSize                            = 4194304                                   {product} {ergonomic}
   size_t MarkStackSizeMax                         = 536870912                                 {product} {ergonomic}
   size_t MaxHeapSize                              = 2147483648                                {product} {command line}
   size_t MaxNewSize                               = 1287651328                                {product} {ergonomic}
   size_t MinHeapDeltaBytes                        = 1048576                                   {product} {ergonomic}
   size_t MinHeapSize                              = 8388608                                   {product} {ergonomic}
    uintx NonNMethodCodeHeapSize                   = 5832704                                {pd product} {ergonomic}
    uintx NonProfiledCodeHeapSize                  = 122945536                              {pd product} {ergonomic}
    uintx ProfiledCodeHeapSize                     = 122880000                              {pd product} {ergonomic}
    uintx ReservedCodeCacheSize                    = 251658240                              {pd product} {ergonomic}
     bool SegmentedCodeCache                       = true                                      {product} {ergonomic}
   size_t SoftMaxHeapSize                          = 2147483648                             {manageable} {ergonomic}
     bool UseCompressedOops                        = true                           {product lp64_product} {ergonomic}
     bool UseG1GC                                  = true                                      {product} {ergonomic}
     bool UseLargePagesIndividualAllocation        = false                                  {pd product} {ergonomic}

Logging:
Log output configuration:
 #0: stdout all=warning uptime,level,tags foldmultilines=false
 #1: stderr all=off uptime,level,tags foldmultilines=false

Release file:
JAVA_VERSION="25.0.2" 
MODULES="java.base java.compiler java.datatransfer java.xml java.prefs java.desktop java.instrument java.logging java.management java.security.sasl java.naming java.rmi java.management.rmi java.net.http java.scripting java.security.jgss java.transaction.xa java.sql java.sql.rowset java.xml.crypto java.se java.smartcardio jdk.accessibility jdk.internal.jvmstat jdk.attach jdk.charsets jdk.internal.opt jdk.zipfs jdk.compiler jdk.crypto.cryptoki jdk.crypto.ec jdk.dynalink jdk.hotspot.agent jdk.httpserver jdk.internal.ed jdk.internal.le jdk.internal.md jdk.internal.vm.ci jdk.jartool jdk.javadoc jdk.jcmd jdk.jdeps jdk.jdwp.agent jdk.jdi jdk.jfr jdk.jlink jdk.localedata jdk.management jdk.management.agent jdk.management.jfr jdk.naming.dns jdk.naming.rmi jdk.net jdk.sctp jdk.security.auth jdk.security.jgss jdk.unsupported jdk.unsupported.desktop jdk.xml.dom" 
IMPLEMENTOR="JetBrains s.r.o." 
JAVA_RUNTIME_VERSION="25.0.2+-15348964-b329.117" 
LIBC="default" 
OS_ARCH="x86_64" 
OS_NAME="Windows" 
SOURCE=".:git:3cf398e84a39" 

Environment Variables:
JAVA_HOME=C:\Program Files\Java\jdk-23
PATH=C:\app\pamil\product\21c\dbhomeXE\bin;C:\app\pamil\product\23ai\dbhomeFree\bin;C:\Program Files\Common Files\Oracle\Java\javapath;C:\Program Files (x86)\Common Files\Oracle\Java\java8path;C:\Program Files (x86)\Common Files\Oracle\Java\javapath;C:\WINDOWS\system32;C:\WINDOWS;C:\WINDOWS\System32\Wbem;C:\WINDOWS\System32\WindowsPowerShell\v1.0\;C:\WINDOWS\System32\OpenSSH\;C:\Program Files\Git\cmd;C:\Program Files\Java\jdk-23\bin;C:\Users\pamil\AppData\Local\Microsoft\WindowsApps;C:\Users\pamil\AppData\Local\Programs\Microsoft VS Code\bin
USERNAME=pamil
OS=Windows_NT
PROCESSOR_IDENTIFIER=Intel64 Family 6 Model 154 Stepping 4, GenuineIntel
TMP=C:\Users\pamil\AppData\Local\Temp
TEMP=C:\Users\pamil\AppData\Local\Temp




Compilation memory statistics disabled.

Periodic native trim disabled

JNI global refs:
JNI global refs: 23, weak refs: 0

JNI global refs memory usage: 835, weak refs: 833

Process memory usage:
Resident Set Size: 231088K (2% of 8092728K total physical memory with 430864K free physical memory)

OOME stack traces (most recent first):
Classloader memory used:
Loader org.gradle.internal.classloader.VisitableURLClassLoader                         : 37405 K
Loader bootstrap                                                                       : 22911 K
Loader org.gradle.initialization.MixInLegacyTypesClassLoader                           : 10850 K
Loader org.gradle.internal.classloader.VisitableURLClassLoader                         : 1071 K
Loader org.gradle.internal.classloader.VisitableURLClassLoader$InstrumentingVisitableURLClassLoader: 711 K
Loader jdk.internal.loader.ClassLoaders$AppClassLoader                                 : 186 K
Loader jdk.internal.loader.ClassLoaders$PlatformClassLoader                            : 162 K
Loader org.gradle.groovy.scripts.internal.DefaultScriptCompilationHandler$ScriptClassLoader: 89776 B

Classes loaded by more than one classloader:
Class org.gradle.internal.IoActions                                                   : loaded 3 times (x 73B)
Class org.gradle.api.Action                                                           : loaded 3 times (x 72B)
Class org.gradle.internal.Cast                                                        : loaded 3 times (x 73B)
Class org.gradle.api.GradleException                                                  : loaded 3 times (x 84B)
Class Program                                                                         : loaded 3 times (x 74B)
Class org.gradle.internal.classloader.DefaultClassLoaderFactory                       : loaded 2 times (x 84B)
Class sync_studio_tooling10_cw1l7s8jnck7jrpc7mwusw7s2                                 : loaded 2 times (x 173B)
Class kotlin.collections.AbstractList$Companion                                       : loaded 2 times (x 73B)
Class org.gradle.tooling.internal.gradle.DefaultProjectIdentifier                     : loaded 2 times (x 88B)
Class org.gradle.api.internal.DefaultClassPathProvider                                : loaded 2 times (x 78B)
Class [Lorg.gradle.api.internal.ClassPathProvider;                                    : loaded 2 times (x 71B)
Class org.gradle.api.internal.ClassPathProvider                                       : loaded 2 times (x 72B)
Class org.gradle.internal.service.UnknownServiceException                             : loaded 2 times (x 85B)
Class org.gradle.internal.classpath.TransformedClassPath                              : loaded 2 times (x 98B)
Class org.gradle.internal.classloader.InstrumentingClassLoader                        : loaded 2 times (x 72B)
Class com.google.common.collect.Iterators$ArrayItr                                    : loaded 2 times (x 99B)
Class kotlin.enums.EnumEntriesList                                                    : loaded 2 times (x 225B)
Class com.google.common.collect.UnmodifiableIterator                                  : loaded 2 times (x 82B)
Class org.gradle.internal.service.ServiceLocator                                      : loaded 2 times (x 72B)
Class com.intellij.gradle.toolingExtension.util.GradleVersionUtil                     : loaded 2 times (x 73B)
Class com.google.common.collect.Iterators$SingletonIterator                           : loaded 2 times (x 83B)
Class org.gradle.tooling.model.UnsupportedMethodException                             : loaded 2 times (x 84B)
Class com.google.common.collect.Iterators                                             : loaded 2 times (x 73B)
Class com.google.common.collect.Lists$StringAsImmutableList                           : loaded 2 times (x 209B)
Class sync_studio_tooling10_cw1l7s8jnck7jrpc7mwusw7s2$_run_closure1                   : loaded 2 times (x 140B)
Class org.gradle.internal.time.DefaultTimer                                           : loaded 2 times (x 82B)
Class org.gradle.api.internal.classpath.DefaultModuleRegistry$DefaultModule           : loaded 2 times (x 84B)
Class com.google.common.collect.AbstractIterator                                      : loaded 2 times (x 84B)
Class com.google.common.collect.AbstractIndexedListIterator                           : loaded 2 times (x 98B)
Class org.gradle.internal.time.DefaultCountdownTimer                                  : loaded 2 times (x 90B)
Class org.gradle.tooling.internal.gradle.DefaultBuildIdentifier                       : loaded 2 times (x 81B)
Class org.gradle.api.internal.classpath.Module                                        : loaded 2 times (x 72B)
Class org.gradle.api.internal.classpath.UnknownModuleException                        : loaded 2 times (x 84B)
Class org.gradle.tooling.internal.gradle.GradleProjectIdentity                        : loaded 2 times (x 72B)
Class org.gradle.api.internal.DefaultClassPathRegistry                                : loaded 2 times (x 78B)
Class org.gradle.internal.classpath.DefaultClassPath$ImmutableUniqueList              : loaded 2 times (x 201B)
Class org.gradle.api.internal.ClassPathRegistry                                       : loaded 2 times (x 72B)
Class org.gradle.internal.operations.MultipleBuildOperationFailures                   : loaded 2 times (x 97B)
Class Settings_gradle$1                                                               : loaded 2 times (x 76B)
Class org.gradle.internal.classpath.ClassPath                                         : loaded 2 times (x 72B)
Class org.gradle.api.internal.classpath.DefaultModuleRegistry$DefaultModuleAlias      : loaded 2 times (x 82B)
Class com.google.common.collect.Iterators$1                                           : loaded 2 times (x 83B)
Class org.gradle.tooling.model.Model                                                  : loaded 2 times (x 72B)
Class kotlin.UninitializedPropertyAccessException                                     : loaded 2 times (x 84B)
Class com.google.common.collect.UnmodifiableListIterator                              : loaded 2 times (x 97B)
Class org.gradle.api.internal.classpath.ModuleRegistry                                : loaded 2 times (x 72B)
Class org.gradle.internal.installation.GradleInstallation$1                           : loaded 2 times (x 77B)
Class com.google.common.collect.Iterators$5                                           : loaded 2 times (x 84B)
Class com.google.common.collect.ImmutableCollection                                   : loaded 2 times (x 127B)
Class org.gradle.tooling.model.idea.BasicIdeaProject                                  : loaded 2 times (x 72B)
Class org.gradle.api.internal.classpath.DefaultModuleRegistry                         : loaded 2 times (x 86B)
Class com.google.common.collect.Lists                                                 : loaded 2 times (x 73B)
Class com.google.common.collect.Iterators$9                                           : loaded 2 times (x 83B)
Class org.gradle.tooling.model.GradleProject                                          : loaded 2 times (x 72B)
Class org.gradle.internal.time.MonotonicClock                                         : loaded 2 times (x 79B)
Class org.gradle.internal.service.ServiceLookupException                              : loaded 2 times (x 84B)
Class org.gradle.internal.classloader.ClassLoaderFactory                              : loaded 2 times (x 72B)
Class org.gradle.internal.service.CachingServiceLocator                               : loaded 2 times (x 84B)
Class org.gradle.internal.time.TimeSource                                             : loaded 2 times (x 72B)
Class org.gradle.tooling.internal.gradle.GradleBuildIdentity                          : loaded 2 times (x 72B)
Class kotlin.enums.EnumEntries                                                        : loaded 2 times (x 72B)
Class org.gradle.internal.exceptions.ResolutionProvider                               : loaded 2 times (x 72B)
Class org.gradle.tooling.model.ProjectIdentifier                                      : loaded 2 times (x 72B)
Class org.gradle.internal.classloader.ClasspathUtil                                   : loaded 2 times (x 73B)
Class org.gradle.internal.time.TimeSource$1                                           : loaded 2 times (x 79B)
Class kotlin.jvm.internal.DefaultConstructorMarker                                    : loaded 2 times (x 73B)
Class org.gradle.api.specs.Spec                                                       : loaded 2 times (x 72B)
Class com.intellij.gradle.toolingExtension.impl.model.utilDummyModel.DummyModel       : loaded 2 times (x 72B)
Class org.gradle.internal.time.Clock                                                  : loaded 2 times (x 72B)
Class org.gradle.tooling.model.BuildModel                                             : loaded 2 times (x 72B)
Class org.gradle.tooling.model.Element                                                : loaded 2 times (x 72B)
Class kotlin.collections.AbstractList                                                 : loaded 2 times (x 199B)
Class kotlin.collections.AbstractCollection                                           : loaded 2 times (x 119B)
Class org.gradle.internal.classloader.VisitableURLClassLoader$InstrumentingVisitableURLClassLoader: loaded 2 times (x 124B)
Class org.gradle.internal.classloader.VisitableURLClassLoader$Spec                    : loaded 2 times (x 76B)
Class org.gradle.internal.classpath.DefaultClassPath                                  : loaded 2 times (x 92B)
Class org.gradle.util.internal.DefaultGradleVersion                                   : loaded 2 times (x 84B)
Class org.gradle.internal.classloader.ClassLoaderSpec                                 : loaded 2 times (x 73B)
Class Settings_gradle$1$1                                                             : loaded 2 times (x 76B)
Class org.gradle.api.internal.classpath.Module$ModuleAlias                            : loaded 2 times (x 72B)
Class org.gradle.internal.classloader.VisitableURLClassLoader                         : loaded 2 times (x 118B)
Class Settings_gradle                                                                 : loaded 2 times (x 126B)
Class org.gradle.internal.classloader.ClassLoaderHierarchy                            : loaded 2 times (x 72B)
Class org.gradle.internal.classloader.FilteringClassLoader                            : loaded 2 times (x 106B)
Class org.gradle.tooling.model.eclipse.EclipseProject                                 : loaded 2 times (x 72B)
Class org.gradle.internal.classpath.DefaultClassPath$ImmutableUniqueList$Builder      : loaded 2 times (x 77B)
Class ijInit2_m48m5otakvlcd7v7wlnga5gi                                                : loaded 2 times (x 173B)
Class com.google.common.collect.Iterators$4                                           : loaded 2 times (x 84B)
Class org.gradle.internal.exceptions.NonGradleCauseExceptionsHolder                   : loaded 2 times (x 72B)
Class org.gradle.tooling.model.eclipse.HierarchicalEclipseProject                     : loaded 2 times (x 72B)
Class kotlin.NotImplementedError                                                      : loaded 2 times (x 84B)
Class kotlin.enums.EnumEntriesKt                                                      : loaded 2 times (x 73B)
Class org.gradle.internal.exceptions.MultiCauseException                              : loaded 2 times (x 72B)
Class org.gradle.internal.time.CountdownTimer                                         : loaded 2 times (x 72B)
Class kotlin.jvm.internal.Intrinsics                                                  : loaded 2 times (x 73B)
Class org.gradle.tooling.model.ProjectModel                                           : loaded 2 times (x 72B)
Class org.gradle.tooling.model.gradle.GradleBuild                                     : loaded 2 times (x 72B)
Class kotlin.KotlinNullPointerException                                               : loaded 2 times (x 84B)
Class org.gradle.internal.exceptions.DefaultMultiCauseException                       : loaded 2 times (x 97B)
Class com.google.common.base.Preconditions                                            : loaded 2 times (x 73B)
Class org.gradle.tooling.model.HierarchicalElement                                    : loaded 2 times (x 72B)
Class com.google.common.collect.PeekingIterator                                       : loaded 2 times (x 72B)
Class org.gradle.internal.time.Time                                                   : loaded 2 times (x 73B)
Class org.gradle.tooling.model.BuildIdentifier                                        : loaded 2 times (x 72B)
Class kotlin.NoWhenBranchMatchedException                                             : loaded 2 times (x 84B)
Class org.gradle.tooling.model.BuildableElement                                       : loaded 2 times (x 72B)
Class org.gradle.tooling.model.HasGradleProject                                       : loaded 2 times (x 72B)
Class ijInit2_m48m5otakvlcd7v7wlnga5gi$_run_closure1                                  : loaded 2 times (x 141B)
Class org.gradle.internal.time.Timer                                                  : loaded 2 times (x 72B)
Class kotlin.jvm.internal.markers.KMappedMarker                                       : loaded 2 times (x 72B)
Class org.gradle.internal.installation.CurrentGradleInstallationLocator               : loaded 2 times (x 73B)
Class com.google.common.collect.ImmutableList                                         : loaded 2 times (x 208B)
Class org.gradle.tooling.model.idea.IdeaProject                                       : loaded 2 times (x 72B)
Class org.gradle.internal.service.DefaultServiceLocator                               : loaded 2 times (x 85B)
Class org.gradle.util.GradleVersion                                                   : loaded 2 times (x 83B)
Class org.gradle.internal.installation.CurrentGradleInstallation                      : loaded 2 times (x 75B)
Class org.gradle.tooling.model.gradle.ProjectPublications                             : loaded 2 times (x 72B)
Class org.gradle.util.internal.GUtil                                                  : loaded 2 times (x 73B)
Class com.google.common.collect.Iterators$MergingIterator                             : loaded 2 times (x 83B)
Class org.gradle.internal.installation.GradleInstallation                             : loaded 2 times (x 77B)

---------------  S Y S T E M  ---------------

OS:
 Windows 11 , 64 bit Build 26100 (10.0.26100.9444)
OS uptime: 1 days 8:17 hours
Hyper-V role detected

CPU: total 8 (initial active 8) (4 cores per cpu, 2 threads per core) family 6 model 154 stepping 4 microcode 0x432, cx8, cmov, fxsr, ht, mmx, 3dnowpref, sse, sse2, sse3, ssse3, sse4.1, sse4.2, popcnt, lzcnt, tsc, tscinvbit, avx, avx2, aes, erms, clmul, bmi1, bmi2, adx, sha, fma, vzeroupper, clflush, clflushopt, clwb, hv, serialize, rdtscp, rdpid, fsrm, gfni, f16c, cet_ibt, cet_ss
Processor Information for processor 0
  Max Mhz: 1200, Current Mhz: 1200, Mhz Limit: 1200
Processor Information for processor 1
  Max Mhz: 1200, Current Mhz: 1200, Mhz Limit: 1200
Processor Information for processor 2
  Max Mhz: 1200, Current Mhz: 1200, Mhz Limit: 1200
Processor Information for processor 3
  Max Mhz: 1200, Current Mhz: 1200, Mhz Limit: 1200
Processor Information for processor 4
  Max Mhz: 1200, Current Mhz: 900, Mhz Limit: 900
Processor Information for processor 5
  Max Mhz: 1200, Current Mhz: 900, Mhz Limit: 900
Processor Information for processor 6
  Max Mhz: 1200, Current Mhz: 900, Mhz Limit: 900
Processor Information for processor 7
  Max Mhz: 1200, Current Mhz: 900, Mhz Limit: 900

Memory: 4k page, system-wide physical 7903M (417M free)
TotalPageFile size 32479M (AvailPageFile size 7M)
current process WorkingSet (physical memory assigned to process): 226M, peak: 257M
current process commit charge ("private bytes"): 362M, peak: 369M

vm_info: OpenJDK 64-Bit Server VM (25.0.2+-15348964-b329.117) for windows-amd64 JRE (25.0.2+-15348964-b329.117), built on 2026-05-05T18:25:19Z with MS VC++ 16.10 / 16.11 (VS2019)

END.
